Component: ARM Compiler 5.06 update 6 (build 750) Tool: armlink [4d35ed]

==============================================================================

Section Cross References

    startup_stm32f103xb.o(STACK) refers (Special) to heapauxi.o(.text) for __use_two_region_memory
    startup_stm32f103xb.o(HEAP) refers (Special) to heapauxi.o(.text) for __use_two_region_memory
    startup_stm32f103xb.o(RESET) refers (Special) to heapauxi.o(.text) for __use_two_region_memory
    startup_stm32f103xb.o(RESET) refers to startup_stm32f103xb.o(STACK) for __initial_sp
    startup_stm32f103xb.o(RESET) refers to startup_stm32f103xb.o(.text) for Reset_Handler
    startup_stm32f103xb.o(RESET) refers to stm32f1xx_it.o(i.NMI_Handler) for NMI_Handler
    startup_stm32f103xb.o(RESET) refers to stm32f1xx_it.o(i.HardFault_Handler) for HardFault_Handler
    startup_stm32f103xb.o(RESET) refers to stm32f1xx_it.o(i.MemManage_Handler) for MemManage_Handler
    startup_stm32f103xb.o(RESET) refers to stm32f1xx_it.o(i.BusFault_Handler) for BusFault_Handler
    startup_stm32f103xb.o(RESET) refers to stm32f1xx_it.o(i.UsageFault_Handler) for UsageFault_Handler
    startup_stm32f103xb.o(RESET) refers to port.o(.emb_text) for SVC_Handler
    startup_stm32f103xb.o(RESET) refers to stm32f1xx_it.o(i.DebugMon_Handler) for DebugMon_Handler
    startup_stm32f103xb.o(RESET) refers to port.o(i.SysTick_Handler) for SysTick_Handler
    startup_stm32f103xb.o(RESET) refers to stm32f1xx_it.o(i.DMA1_Channel1_IRQHandler) for DMA1_Channel1_IRQHandler
    startup_stm32f103xb.o(RESET) refers to stm32f1xx_it.o(i.TIM4_IRQHandler) for TIM4_IRQHandler
    startup_stm32f103xb.o(.text) refers (Special) to heapauxi.o(.text) for __use_two_region_memory
    startup_stm32f103xb.o(.text) refers to system_stm32f1xx.o(i.SystemInit) for SystemInit
    startup_stm32f103xb.o(.text) refers to __main.o(!!!main) for __main
    startup_stm32f103xb.o(.text) refers to startup_stm32f103xb.o(HEAP) for Heap_Mem
    startup_stm32f103xb.o(.text) refers to startup_stm32f103xb.o(STACK) for Stack_Mem
    dht11.o(i.DHT_Get_Data) refers to dht11.o(i.MCU_Send_Start) for MCU_Send_Start
    dht11.o(i.DHT_Get_Data) refers to dht11.o(i.DHT_Response) for DHT_Response
    dht11.o(i.DHT_Get_Data) refers to dht11.o(i.DHT_Read) for DHT_Read
    dht11.o(i.DHT_Read) refers to stm32f1xx_hal_gpio.o(i.HAL_GPIO_ReadPin) for HAL_GPIO_ReadPin
    dht11.o(i.DHT_Read) refers to dht11.o(i.delay) for delay
    dht11.o(i.DHT_Response) refers to dht11.o(i.delay) for delay
    dht11.o(i.DHT_Response) refers to stm32f1xx_hal_gpio.o(i.HAL_GPIO_ReadPin) for HAL_GPIO_ReadPin
    dht11.o(i.MCU_Send_Start) refers to dht11.o(i.Set_Pin_Output) for Set_Pin_Output
    dht11.o(i.MCU_Send_Start) refers to stm32f1xx_hal_gpio.o(i.HAL_GPIO_WritePin) for HAL_GPIO_WritePin
    dht11.o(i.MCU_Send_Start) refers to dht11.o(i.delay) for delay
    dht11.o(i.MCU_Send_Start) refers to dht11.o(i.Set_Pin_Input) for Set_Pin_Input
    dht11.o(i.Set_Pin_Input) refers to stm32f1xx_hal_gpio.o(i.HAL_GPIO_Init) for HAL_GPIO_Init
    dht11.o(i.Set_Pin_Output) refers to stm32f1xx_hal_gpio.o(i.HAL_GPIO_Init) for HAL_GPIO_Init
    dht11.o(i.delay) refers to stm32f1xx_hal_rcc.o(i.HAL_RCC_GetHCLKFreq) for HAL_RCC_GetHCLKFreq
    hx711_v1.o(i.HX711_Ave) refers to hx711_v1.o(i.HX711_Get_Value) for HX711_Get_Value
    hx711_v1.o(i.HX711_Ave) refers to stm32f1xx_hal.o(i.HAL_Delay) for HAL_Delay
    hx711_v1.o(i.HX711_Ave) refers to lludivv7m.o(.text) for __aeabi_uldivmod
    hx711_v1.o(i.HX711_Get_Value) refers to stm32f1xx_hal.o(i.HAL_GetTick) for HAL_GetTick
    hx711_v1.o(i.HX711_Get_Value) refers to stm32f1xx_hal_gpio.o(i.HAL_GPIO_WritePin) for HAL_GPIO_WritePin
    hx711_v1.o(i.HX711_Get_Value) refers to stm32f1xx_hal_gpio.o(i.HAL_GPIO_ReadPin) for HAL_GPIO_ReadPin
    hx711_v1.o(i.HX711_Get_Value) refers to hx711_v1.o(i.delay) for delay
    hx711_v1.o(i.HX711_init) refers to hx711_v1.o(i.Set_Pin_Clk) for Set_Pin_Clk
    hx711_v1.o(i.HX711_init) refers to hx711_v1.o(i.Set_Pin_Data) for Set_Pin_Data
    hx711_v1.o(i.Set_Pin_Clk) refers to stm32f1xx_hal_gpio.o(i.HAL_GPIO_Init) for HAL_GPIO_Init
    hx711_v1.o(i.Set_Pin_Data) refers to stm32f1xx_hal_gpio.o(i.HAL_GPIO_Init) for HAL_GPIO_Init
    hx711_v1.o(i.delay) refers to stm32f1xx_hal_rcc.o(i.HAL_RCC_GetHCLKFreq) for HAL_RCC_GetHCLKFreq
    lora.o(i.LoRa_BurstWrite) refers to stm32f1xx_hal_gpio.o(i.HAL_GPIO_WritePin) for HAL_GPIO_WritePin
    lora.o(i.LoRa_BurstWrite) refers to stm32f1xx_hal_spi.o(i.HAL_SPI_Transmit) for HAL_SPI_Transmit
    lora.o(i.LoRa_BurstWrite) refers to stm32f1xx_hal_spi.o(i.HAL_SPI_GetState) for HAL_SPI_GetState
    lora.o(i.LoRa_getRSSI) refers to lora.o(i.LoRa_read) for LoRa_read
    lora.o(i.LoRa_gotoMode) refers to lora.o(i.LoRa_read) for LoRa_read
    lora.o(i.LoRa_gotoMode) refers to lora.o(i.LoRa_write) for LoRa_write
    lora.o(i.LoRa_init) refers to lora.o(i.LoRa_gotoMode) for LoRa_gotoMode
    lora.o(i.LoRa_init) refers to stm32f1xx_hal.o(i.HAL_Delay) for HAL_Delay
[...]
    .ARM.Collect$$libinit$$00000000          0x08000160   Section        2  libinit.o(.ARM.Collect$$libinit$$00000000)
    .ARM.Collect$$libinit$$00000002          0x08000162   Section        0  libinit2.o(.ARM.Collect$$libinit$$00000002)
    .ARM.Collect$$libinit$$00000004          0x08000162   Section        0  libinit2.o(.ARM.Collect$$libinit$$00000004)
    .ARM.Collect$$libinit$$0000000A          0x08000162   Section        0  libinit2.o(.ARM.Collect$$libinit$$0000000A)
    .ARM.Collect$$libinit$$0000000C          0x08000162   Section        0  libinit2.o(.ARM.Collect$$libinit$$0000000C)
    .ARM.Collect$$libinit$$0000000E          0x08000162   Section        0  libinit2.o(.ARM.Collect$$libinit$$0000000E)
    .ARM.Collect$$libinit$$00000011          0x08000162   Section        0  libinit2.o(.ARM.Collect$$libinit$$00000011)
    .ARM.Collect$$libinit$$00000013          0x08000162   Section        0  libinit2.o(.ARM.Collect$$libinit$$00000013)
    .ARM.Collect$$libinit$$00000015          0x08000162   Section        0  libinit2.o(.ARM.Collect$$libinit$$00000015)
    .ARM.Collect$$libinit$$00000017          0x08000162   Section        0  libinit2.o(.ARM.Collect$$libinit$$00000017)
    .ARM.Collect$$libinit$$00000019          0x08000162   Section        0  libinit2.o(.ARM.Collect$$libinit$$00000019)
    .ARM.Collect$$libinit$$0000001B          0x08000162   Section        0  libinit2.o(.ARM.Collect$$libinit$$0000001B)
    .ARM.Collect$$libinit$$0000001D          0x08000162   Section        0  libinit2.o(.ARM.Collect$$libinit$$0000001D)
    .ARM.Collect$$libinit$$0000001F          0x08000162   Section        0  libinit2.o(.ARM.Collect$$libinit$$0000001F)
    .ARM.Collect$$libinit$$00000021          0x08000162   Section        0  libinit2.o(.ARM.Collect$$libinit$$00000021)
    .ARM.Collect$$libinit$$00000023          0x08000162   Section        0  libinit2.o(.ARM.Collect$$libinit$$00000023)
    .ARM.Collect$$libinit$$00000025          0x08000162   Section        0  libinit2.o(.ARM.Collect$$libinit$$00000025)
    .ARM.Collect$$libinit$$0000002C          0x08000162   Section        0  libinit2.o(.ARM.Collect$$libinit$$0000002C)
    .ARM.Collect$$libinit$$0000002E          0x08000162   Section        0  libinit2.o(.ARM.Collect$$libinit$$0000002E)
    .ARM.Collect$$libinit$$00000030          0x08000162   Section        0  libinit2.o(.ARM.Collect$$libinit$$00000030)
    .ARM.Collect$$libinit$$00000032          0x08000162   Section        0  libinit2.o(.ARM.Collect$$libinit$$00000032)
    .ARM.Collect$$libinit$$00000033          0x08000162   Section        2  libinit2.o(.ARM.Collect$$libinit$$00000033)
    .ARM.Collect$$libshutdown$$00000000      0x08000164   Section        2  libshutdown.o(.ARM.Collect$$libshutdown$$00000000)
    .ARM.Collect$$libshutdown$$00000002      0x08000166   Section        0  libshutdown2.o(.ARM.Collect$$libshutdown$$00000002)
    .ARM.Collect$$libshutdown$$00000004      0x08000166   Section        0  libshutdown2.o(.ARM.Collect$$libshutdown$$00000004)
    .ARM.Collect$$libshutdown$$00000007      0x08000166   Section        0  libshutdown2.o(.ARM.Collect$$libshutdown$$00000007)
    .ARM.Collect$$libshutdown$$0000000A      0x08000166   Section        0  libshutdown2.o(.ARM.Collect$$libshutdown$$0000000A)
    .ARM.Collect$$libshutdown$$0000000C      0x08000166   Section        0  libshutdown2.o(.ARM.Collect$$libshutdown$$0000000C)
    .ARM.Collect$$libshutdown$$0000000F      0x08000166   Section        0  libshutdown2.o(.ARM.Collect$$libshutdown$$0000000F)
    .ARM.Collect$$libshutdown$$00000010      0x08000166   Section        2  libshutdown2.o(.ARM.Collect$$libshutdown$$00000010)
    .ARM.Collect$$rtentry$$00000000          0x08000168   Section        0  __rtentry.o(.ARM.Collect$$rtentry$$00000000)
    .ARM.Collect$$rtentry$$00000002          0x08000168   Section        0  __rtentry2.o(.ARM.Collect$$rtentry$$00000002)
    .ARM.Collect$$rtentry$$00000004          0x08000168   Section        6  __rtentry4.o(.ARM.Collect$$rtentry$$00000004)
    .ARM.Collect$$rtentry$$00000009          0x0800016e   Section        0  __rtentry2.o(.ARM.Collect$$rtentry$$00000009)
    .ARM.Collect$$rtentry$$0000000A          0x0800016e   Section        4  __rtentry2.o(.ARM.Collect$$rtentry$$0000000A)
    .ARM.Collect$$rtentry$$0000000C          0x08000172   Section        0  __rtentry2.o(.ARM.Collect$$rtentry$$0000000C)
    .ARM.Collect$$rtentry$$0000000D          0x08000172   Section        8  __rtentry2.o(.ARM.Collect$$rtentry$$0000000D)
    .ARM.Collect$$rtexit$$00000000           0x0800017a   Section        2  rtexit.o(.ARM.Collect$$rtexit$$00000000)
    .ARM.Collect$$rtexit$$00000002           0x0800017c   Section        0  rtexit2.o(.ARM.Collect$$rtexit$$00000002)
    .ARM.Collect$$rtexit$$00000003           0x0800017c   Section        4  rtexit2.o(.ARM.Collect$$rtexit$$00000003)
    .ARM.Collect$$rtexit$$00000004           0x08000180   Section        6  rtexit2.o(.ARM.Collect$$rtexit$$00000004)
    .emb_text                                0x08000188   Section      150  port.o(.emb_text)
    .text                                    0x08000220   Section       64  startup_stm32f103xb.o(.text)
    .text                                    0x08000260   Section      100  rt_memcpy_w.o(.text)
    .text                                    0x080002c4   Section       78  rt_memclr_w.o(.text)
    .text                                    0x08000312   Section        0  heapauxi.o(.text)
    .text                                    0x08000318   Section       74  sys_stackheap_outer.o(.text)
    .text                                    0x08000362   Section        0  exit.o(.text)
    .text                                    0x08000374   Section        8  libspace.o(.text)
    .text                                    0x0800037c   Section        0  sys_exit.o(.text)
    .text                                    0x08000388   Section        2  use_no_semi.o(.text)
    .text                                    0x0800038a   Section        0  indicate_semi.o(.text)
    i.ADCTask                                0x0800038c   Section        0  main.o(i.ADCTask)
    i.ADC_ConversionStop_Disable             0x08000410   Section        0  stm32f1xx_hal_adc.o(i.ADC_ConversionStop_Disable)
    i.ADC_DMAConvCplt                        0x08000466   Section        0  stm32f1xx_hal_adc.o(i.ADC_DMAConvCplt)
    i.ADC_DMAError                           0x080004b4   Section        0  stm32f1xx_hal_adc.o(i.ADC_DMAError)
    i.ADC_DMAHalfConvCplt                    0x080004ce   Section        0  stm32f1xx_hal_adc.o(i.ADC_DMAHalfConvCplt)
    i.ADC_Enable                             0x080004d8   Section        0  stm32f1xx_hal_adc.o(i.ADC_Enable)
    i.BusFault_Handler                       0x08000554   Section        0  stm32f1xx_it.o(i.BusFault_Handler)
    i.DHT_Get_Data                           0x08000556   Section        0  dht11.o(i.DHT_Get_Data)
    i.DHT_Read                               0x08000594   Section        0  dht11.o(i.DHT_Read)
    i.DHT_Response                           0x080005f4   Section        0  dht11.o(i.DHT_Response)
    i.DMA1_Channel1_IRQHandler               0x08000630   Section        0  stm32f1xx_it.o(i.DMA1_Channel1_IRQHandler)
    i.DMA_SetConfig                          0x0800063c   Section        0  stm32f1xx_hal_dma.o(i.DMA_SetConfig)
    DMA_SetConfig                            0x0800063d   Thumb Code    42  stm32f1xx_hal_dma.o(i.DMA_SetConfig)
    i.DebugMon_Handler                       0x08000666   Section        0  stm32f1xx_it.o(i.DebugMon_Handler)
    i.DhtTask                                0x08000668   Section        0  main.o(i.DhtTask)
    i.Error_Handler                          0x080006a0   Section        0  main.o(i.Error_Handler)
    i.HAL_ADC_ConfigChannel                  0x080006a4   Section        0  stm32f1xx_hal_adc.o(i.HAL_ADC_ConfigChannel)
    i.HAL_ADC_ConvCpltCallback               0x080007a0   Section        0  stm32f1xx_hal_adc.o(i.HAL_ADC_ConvCpltCallback)
    i.HAL_ADC_ConvHalfCpltCallback           0x080007a2   Section        0  stm32f1xx_hal_adc.o(i.HAL_ADC_ConvHalfCpltCallback)
    i.HAL_ADC_ErrorCallback                  0x080007a4   Section        0  stm32f1xx_hal_adc.o(i.HAL_ADC_ErrorCallback)
    i.HAL_ADC_Init                           0x080007a8   Section        0  stm32f1xx_hal_adc.o(i.HAL_ADC_Init)
    i.HAL_ADC_MspInit                        0x080008c4   Section        0  stm32f1xx_hal_msp.o(i.HAL_ADC_MspInit)
    i.HAL_ADC_Start_DMA                      0x08000950   Section        0  stm32f1xx_hal_adc.o(i.HAL_ADC_Start_DMA)
    i.HAL_DMA_IRQHandler                     0x08000a5c   Section        0  stm32f1xx_hal_dma.o(i.HAL_DMA_IRQHandler)
    i.HAL_DMA_Init                           0x08000bb0   Section        0  stm32f1xx_hal_dma.o(i.HAL_DMA_Init)
    i.HAL_DMA_Start_IT                       0x08000c0c   Section        0  stm32f1xx_hal_dma.o(i.HAL_DMA_Start_IT)
    i.HAL_Delay                              0x08000c7c   Section        0  stm32f1xx_hal.o(i.HAL_Delay)
    i.HAL_GPIO_Init                          0x08000ca0   Section        0  stm32f1xx_hal_gpio.o(i.HAL_GPIO_Init)
    i.HAL_GPIO_ReadPin                       0x08000e80   Section        0  stm32f1xx_hal_gpio.o(i.HAL_GPIO_ReadPin)
    i.HAL_GPIO_WritePin                      0x08000e8a   Section        0  stm32f1xx_hal_gpio.o(i.HAL_GPIO_WritePin)
    i.HAL_GetTick                            0x08000e94   Section        0  stm32f1xx_hal.o(i.HAL_GetTick)
    i.HAL_IncTick                            0x08000ea0   Section        0  stm32f1xx_hal.o(i.HAL_IncTick)
    i.HAL_Init                               0x08000eb0   Section        0  stm32f1xx_hal.o(i.HAL_Init)
    i.HAL_InitTick                           0x08000ed4   Section        0  stm32f1xx_hal_timebase_tim.o(i.HAL_InitTick)
    i.HAL_MspInit                            0x08000f6c   Section        0  stm32f1xx_hal_msp.o(i.HAL_MspInit)
    i.HAL_NVIC_EnableIRQ                     0x08000fb4   Section        0  stm32f1xx_hal_cortex.o(i.HAL_NVIC_EnableIRQ)
    i.HAL_NVIC_SetPriority                   0x08000fd0   Section        0  stm32f1xx_hal_cortex.o(i.HAL_NVIC_SetPriority)
    i.HAL_NVIC_SetPriorityGrouping           0x08001010   Section        0  stm32f1xx_hal_cortex.o(i.HAL_NVIC_SetPriorityGrouping)
    i.HAL_RCCEx_PeriphCLKConfig              0x08001034   Section        0  stm32f1xx_hal_rcc_ex.o(i.HAL_RCCEx_PeriphCLKConfig)
    i.HAL_RCC_ClockConfig                    0x08001120   Section        0  stm32f1xx_hal_rcc.o(i.HAL_RCC_ClockConfig)
    i.HAL_RCC_GetClockConfig                 0x0800124c   Section        0  stm32f1xx_hal_rcc.o(i.HAL_RCC_GetClockConfig)
    i.HAL_RCC_GetHCLKFreq                    0x0800128c   Section        0  stm32f1xx_hal_rcc.o(i.HAL_RCC_GetHCLKFreq)
    i.HAL_RCC_GetPCLK1Freq                   0x08001298   Section        0  stm32f1xx_hal_rcc.o(i.HAL_RCC_GetPCLK1Freq)
    i.HAL_RCC_GetSysClockFreq                0x080012b8   Section        0  stm32f1xx_hal_rcc.o(i.HAL_RCC_GetSysClockFreq)
    i.HAL_RCC_OscConfig                      0x08001324   Section        0  stm32f1xx_hal_rcc.o(i.HAL_RCC_OscConfig)
    i.HAL_SPI_GetState                       0x08001644   Section        0  stm32f1xx_hal_spi.o(i.HAL_SPI_GetState)
    i.HAL_SPI_Init                           0x0800164a   Section        0  stm32f1xx_hal_spi.o(i.HAL_SPI_Init)
    i.HAL_SPI_MspInit                        0x080016fc   Section        0  stm32f1xx_hal_msp.o(i.HAL_SPI_MspInit)
    i.HAL_SPI_Receive                        0x08001770   Section        0  stm32f1xx_hal_spi.o(i.HAL_SPI_Receive)
    i.HAL_SPI_Transmit                       0x080018ca   Section        0  stm32f1xx_hal_spi.o(i.HAL_SPI_Transmit)
    i.HAL_SPI_TransmitReceive                0x08001a30   Section        0  stm32f1xx_hal_spi.o(i.HAL_SPI_TransmitReceive)
    i.HAL_TIMEx_BreakCallback                0x08001c12   Section        0  stm32f1xx_hal_tim_ex.o(i.HAL_TIMEx_BreakCallback)
    i.HAL_TIMEx_CommutCallback               0x08001c14   Section        0  stm32f1xx_hal_tim_ex.o(i.HAL_TIMEx_CommutCallback)
    i.HAL_TIMEx_MasterConfigSynchronization  0x08001c18   Section        0  stm32f1xx_hal_tim_ex.o(i.HAL_TIMEx_MasterConfigSynchronization)
    i.HAL_TIM_Base_Init                      0x08001c80   Section        0  stm32f1xx_hal_tim.o(i.HAL_TIM_Base_Init)
    i.HAL_TIM_Base_MspInit                   0x08001cdc   Section        0  stm32f1xx_hal_msp.o(i.HAL_TIM_Base_MspInit)
    i.HAL_TIM_Base_Start_IT                  0x08001d00   Section        0  stm32f1xx_hal_tim.o(i.HAL_TIM_Base_Start_IT)
    i.HAL_TIM_ConfigClockSource              0x08001d58   Section        0  stm32f1xx_hal_tim.o(i.HAL_TIM_ConfigClockSource)
    i.HAL_TIM_IC_CaptureCallback             0x08001e2e   Section        0  stm32f1xx_hal_tim.o(i.HAL_TIM_IC_CaptureCallback)
    i.HAL_TIM_IRQHandler                     0x08001e30   Section        0  stm32f1xx_hal_tim.o(i.HAL_TIM_IRQHandler)
    i.HAL_TIM_MspPostInit                    0x08001f98   Section        0  stm32f1xx_hal_msp.o(i.HAL_TIM_MspPostInit)
    i.HAL_TIM_OC_DelayElapsedCallback        0x08001ff4   Section        0  stm32f1xx_hal_tim.o(i.HAL_TIM_OC_DelayElapsedCallback)
    i.HAL_TIM_PWM_ConfigChannel              0x08001ff6   Section        0  stm32f1xx_hal_tim.o(i.HAL_TIM_PWM_ConfigChannel)
    i.HAL_TIM_PWM_Init                       0x080020bc   Section        0  stm32f1xx_hal_tim.o(i.HAL_TIM_PWM_Init)
    i.HAL_TIM_PWM_MspInit                    0x08002116   Section        0  stm32f1xx_hal_tim.o(i.HAL_TIM_PWM_MspInit)
    i.HAL_TIM_PWM_PulseFinishedCallback      0x08002118   Section        0  stm32f1xx_hal_tim.o(i.HAL_TIM_PWM_PulseFinishedCallback)
    i.HAL_TIM_PeriodElapsedCallback          0x0800211c   Section        0  main.o(i.HAL_TIM_PeriodElapsedCallback)
    i.HAL_TIM_TriggerCallback                0x08002130   Section        0  stm32f1xx_hal_tim.o(i.HAL_TIM_TriggerCallback)
    i.HardFault_Handler                      0x08002132   Section        0  stm32f1xx_it.o(i.HardFault_Handler)
    i.LoRaTask                               0x08002134   Section        0  main.o(i.LoRaTask)
    i.LoRa_BurstWrite                        0x08002178   Section        0  lora.o(i.LoRa_BurstWrite)
    i.LoRa_gotoMode                          0x080021ce   Section        0  lora.o(i.LoRa_gotoMode)
    i.LoRa_init                              0x08002234   Section        0  lora.o(i.LoRa_init)
    i.LoRa_read                              0x08002312   Section        0  lora.o(i.LoRa_read)
    i.LoRa_readReg                           0x08002330   Section        0  lora.o(i.LoRa_readReg)
    i.LoRa_setFrequency                      0x08002388   Section        0  lora.o(i.LoRa_setFrequency)
    i.LoRa_setOCP                            0x080023c8   Section        0  lora.o(i.LoRa_setOCP)
    i.LoRa_setPower                          0x08002406   Section        0  lora.o(i.LoRa_setPower)
    i.LoRa_setSpreadingFactor                0x0800241a   Section        0  lora.o(i.LoRa_setSpreadingFactor)
    i.LoRa_setTOMsb_setCRCon                 0x08002454   Section        0  lora.o(i.LoRa_setTOMsb_setCRCon)
    i.LoRa_transmit                          0x08002474   Section        0  lora.o(i.LoRa_transmit)
    i.LoRa_write                             0x080024f8   Section        0  lora.o(i.LoRa_write)
    i.LoRa_writeReg                          0x08002516   Section        0  lora.o(i.LoRa_writeReg)
    i.MCU_Send_Start                         0x08002570   Section        0  dht11.o(i.MCU_Send_Start)
    i.MX_ADC1_Init                           0x080025e8   Section        0  main.o(i.MX_ADC1_Init)
    MX_ADC1_Init                             0x080025e9   Thumb Code    92  main.o(i.MX_ADC1_Init)
    i.MX_GPIO_Init                           0x0800264c   Section        0  main.o(i.MX_GPIO_Init)
    MX_GPIO_Init                             0x0800264d   Thumb Code   180  main.o(i.MX_GPIO_Init)
    i.MX_SPI2_Init                           0x08002710   Section        0  main.o(i.MX_SPI2_Init)
    MX_SPI2_Init                             0x08002711   Thumb Code    58  main.o(i.MX_SPI2_Init)
    i.MX_TIM2_Init                           0x08002754   Section        0  main.o(i.MX_TIM2_Init)
    MX_TIM2_Init                             0x08002755   Thumb Code   148  main.o(i.MX_TIM2_Init)
    i.MemManage_Handler                      0x080027ec   Section        0  stm32f1xx_it.o(i.MemManage_Handler)
    i.NMI_Handler                            0x080027ee   Section        0  stm32f1xx_it.o(i.NMI_Handler)
    i.SPI_EndRxTransaction                   0x080027f0   Section        0  stm32f1xx_hal_spi.o(i.SPI_EndRxTransaction)
    SPI_EndRxTransaction                     0x080027f1   Thumb Code    92  stm32f1xx_hal_spi.o(i.SPI_EndRxTransaction)
    i.SPI_EndRxTxTransaction                 0x0800284c   Section        0  stm32f1xx_hal_spi.o(i.SPI_EndRxTxTransaction)
    SPI_EndRxTxTransaction                   0x0800284d   Thumb Code    32  stm32f1xx_hal_spi.o(i.SPI_EndRxTxTransaction)
    i.SPI_WaitFlagStateUntilTimeout          0x0800286c   Section        0  stm32f1xx_hal_spi.o(i.SPI_WaitFlagStateUntilTimeout)
    SPI_WaitFlagStateUntilTimeout            0x0800286d   Thumb Code   180  stm32f1xx_hal_spi.o(i.SPI_WaitFlagStateUntilTimeout)
    i.Set_Pin_Input                          0x08002924   Section        0  dht11.o(i.Set_Pin_Input)
    i.Set_Pin_Output                         0x08002938   Section        0  dht11.o(i.Set_Pin_Output)
    i.SysTick_Handler                        0x08002950   Section        0  port.o(i.SysTick_Handler)
    i.SystemClock_Config                     0x0800297c   Section        0  main.o(i.SystemClock_Config)
    i.SystemInit                             0x080029f4   Section        0  system_stm32f1xx.o(i.SystemInit)
    i.TIM4_IRQHandler                        0x080029f8   Section        0  stm32f1xx_it.o(i.TIM4_IRQHandler)
    i.TIM_Base_SetConfig                     0x08002a04   Section        0  stm32f1xx_hal_tim.o(i.TIM_Base_SetConfig)
    i.TIM_ETR_SetConfig                      0x08002a70   Section        0  stm32f1xx_hal_tim.o(i.TIM_ETR_SetConfig)
    i.TIM_ITRx_SetConfig                     0x08002a84   Section        0  stm32f1xx_hal_tim.o(i.TIM_ITRx_SetConfig)
    TIM_ITRx_SetConfig                       0x08002a85   Thumb Code    16  stm32f1xx_hal_tim.o(i.TIM_ITRx_SetConfig)
    i.TIM_OC1_SetConfig                      0x08002a94   Section        0  stm32f1xx_hal_tim.o(i.TIM_OC1_SetConfig)
    TIM_OC1_SetConfig                        0x08002a95   Thumb Code    74  stm32f1xx_hal_tim.o(i.TIM_OC1_SetConfig)
    i.TIM_OC2_SetConfig                      0x08002ae4   Section        0  stm32f1xx_hal_tim.o(i.TIM_OC2_SetConfig)
    i.TIM_OC3_SetConfig                      0x08002b3c   Section        0  stm32f1xx_hal_tim.o(i.TIM_OC3_SetConfig)
    TIM_OC3_SetConfig                        0x08002b3d   Thumb Code    82  stm32f1xx_hal_tim.o(i.TIM_OC3_SetConfig)
    i.TIM_OC4_SetConfig                      0x08002b94   Section        0  stm32f1xx_hal_tim.o(i.TIM_OC4_SetConfig)
    TIM_OC4_SetConfig                        0x08002b95   Thumb Code    64  stm32f1xx_hal_tim.o(i.TIM_OC4_SetConfig)
    i.TIM_TI1_ConfigInputStage               0x08002bd8   Section        0  stm32f1xx_hal_tim.o(i.TIM_TI1_ConfigInputStage)
    TIM_TI1_ConfigInputStage                 0x08002bd9   Thumb Code    34  stm32f1xx_hal_tim.o(i.TIM_TI1_ConfigInputStage)
    i.TIM_TI2_ConfigInputStage               0x08002bfa   Section        0  stm32f1xx_hal_tim.o(i.TIM_TI2_ConfigInputStage)
    TIM_TI2_ConfigInputStage                 0x08002bfb   Thumb Code    36  stm32f1xx_hal_tim.o(i.TIM_TI2_ConfigInputStage)
    i.UsageFault_Handler                     0x08002c1e   Section        0  stm32f1xx_it.o(i.UsageFault_Handler)
    i.__NVIC_SetPriority                     0x08002c20   Section        0  stm32f1xx_hal_cortex.o(i.__NVIC_SetPriority)
    __NVIC_SetPriority                       0x08002c21   Thumb Code    32  stm32f1xx_hal_cortex.o(i.__NVIC_SetPriority)
    i.delay                                  0x08002c40   Section        0  dht11.o(i.delay)
    delay                                    0x08002c41   Thumb Code    34  dht11.o(i.delay)
    i.main                                   0x08002c6c   Section        0  main.o(i.main)
    i.newLoRa                                0x08002d80   Section        0  lora.o(i.newLoRa)
    i.osDelay                                0x08002db8   Section        0  cmsis_os.o(i.osDelay)
    i.osKernelStart                          0x08002dc6   Section        0  cmsis_os.o(i.osKernelStart)
    i.prvAddCurrentTaskToDelayedList         0x08002dd0   Section        0  tasks.o(i.prvAddCurrentTaskToDelayedList)
    prvAddCurrentTaskToDelayedList           0x08002dd1   Thumb Code   102  tasks.o(i.prvAddCurrentTaskToDelayedList)
    i.prvAddNewTaskToReadyList               0x08002e40   Section        0  tasks.o(i.prvAddNewTaskToReadyList)
    prvAddNewTaskToReadyList                 0x08002e41   Thumb Code   194  tasks.o(i.prvAddNewTaskToReadyList)
    i.prvDeleteTCB                           0x08002f10   Section        0  tasks.o(i.prvDeleteTCB)
    prvDeleteTCB                             0x08002f11   Thumb Code    52  tasks.o(i.prvDeleteTCB)
    i.prvHeapInit                            0x08002f44   Section        0  heap_4.o(i.prvHeapInit)
    prvHeapInit                              0x08002f45   Thumb Code    66  heap_4.o(i.prvHeapInit)
    i.prvIdleTask                            0x08002f90   Section        0  tasks.o(i.prvIdleTask)
    prvIdleTask                              0x08002f91   Thumb Code    82  tasks.o(i.prvIdleTask)
    i.prvInitialiseNewTask                   0x08002ff0   Section        0  tasks.o(i.prvInitialiseNewTask)
    prvInitialiseNewTask                     0x08002ff1   Thumb Code   142  tasks.o(i.prvInitialiseNewTask)
    i.prvInsertBlockIntoFreeList             0x08003080   Section        0  heap_4.o(i.prvInsertBlockIntoFreeList)
    prvInsertBlockIntoFreeList               0x08003081   Thumb Code    72  heap_4.o(i.prvInsertBlockIntoFreeList)
    i.prvResetNextTaskUnblockTime            0x080030cc   Section        0  tasks.o(i.prvResetNextTaskUnblockTime)
    prvResetNextTaskUnblockTime              0x080030cd   Thumb Code    26  tasks.o(i.prvResetNextTaskUnblockTime)
    i.prvTaskExitError                       0x080030ec   Section        0  port.o(i.prvTaskExitError)
    prvTaskExitError                         0x080030ed   Thumb Code    36  port.o(i.prvTaskExitError)
    i.prvTestWaitCondition                   0x08003114   Section        0  event_groups.o(i.prvTestWaitCondition)
    prvTestWaitCondition                     0x08003115   Thumb Code    20  event_groups.o(i.prvTestWaitCondition)
    i.pvPortMalloc                           0x08003128   Section        0  heap_4.o(i.pvPortMalloc)
    i.pxPortInitialiseStack                  0x08003200   Section        0  port.o(i.pxPortInitialiseStack)
    i.uxListRemove                           0x08003224   Section        0  list.o(i.uxListRemove)
    i.uxTaskResetEventItemValue              0x0800324c   Section        0  tasks.o(i.uxTaskResetEventItemValue)
    i.vApplicationGetIdleTaskMemory          0x08003264   Section        0  freertos.o(i.vApplicationGetIdleTaskMemory)
    i.vListInitialise                        0x08003278   Section        0  list.o(i.vListInitialise)
    i.vListInitialiseItem                    0x0800328e   Section        0  list.o(i.vListInitialiseItem)
    i.vListInsert                            0x08003294   Section        0  list.o(i.vListInsert)
    i.vListInsertEnd                         0x080032c4   Section        0  list.o(i.vListInsertEnd)
    i.vPortEnterCritical                     0x080032dc   Section        0  port.o(i.vPortEnterCritical)
    i.vPortExitCritical                      0x0800331c   Section        0  port.o(i.vPortExitCritical)
    i.vPortFree                              0x08003344   Section        0  heap_4.o(i.vPortFree)
    i.vPortSetupTimerInterrupt               0x080033a0   Section        0  port.o(i.vPortSetupTimerInterrupt)
    i.vTaskDelay                             0x080033c4   Section        0  tasks.o(i.vTaskDelay)
    i.vTaskPlaceOnUnorderedEventList         0x08003410   Section        0  tasks.o(i.vTaskPlaceOnUnorderedEventList)
    i.vTaskRemoveFromUnorderedEventList      0x08003460   Section        0  tasks.o(i.vTaskRemoveFromUnorderedEventList)
    i.vTaskStartScheduler                    0x080034d0   Section        0  tasks.o(i.vTaskStartScheduler)
    i.vTaskSuspendAll                        0x0800353c   Section        0  tasks.o(i.vTaskSuspendAll)
    i.vTaskSwitchContext                     0x0800354c   Section        0  tasks.o(i.vTaskSwitchContext)
    i.xEventGroupCreate                      0x080035a8   Section        0  event_groups.o(i.xEventGroupCreate)
    i.xEventGroupSetBits                     0x080035c4   Section        0  event_groups.o(i.xEventGroupSetBits)
    i.xEventGroupWaitBits                    0x08003650   Section        0  event_groups.o(i.xEventGroupWaitBits)
    i.xPortStartScheduler                    0x08003758   Section        0  port.o(i.xPortStartScheduler)
    i.xTaskCreate                            0x08003800   Section        0  tasks.o(i.xTaskCreate)
    i.xTaskCreateStatic                      0x0800385a   Section        0  tasks.o(i.xTaskCreateStatic)
    i.xTaskGetSchedulerState                 0x080038b0   Section        0  tasks.o(i.xTaskGetSchedulerState)
    i.xTaskIncrementTick                     0x080038cc   Section        0  tasks.o(i.xTaskIncrementTick)
    i.xTaskResumeAll                         0x08003994   Section        0  tasks.o(i.xTaskResumeAll)
    .constdata                               0x08003a58   Section       16  system_stm32f1xx.o(.constdata)
    .constdata                               0x08003a68   Section        8  system_stm32f1xx.o(.constdata)
    .data                                    0x20000000   Section       36  main.o(.data)
    .data                                    0x20000024   Section       12  stm32f1xx_hal.o(.data)
    .data                                    0x20000030   Section        4  system_stm32f1xx.o(.data)
    .data                                    0x20000034   Section       60  tasks.o(.data)
    pxDelayedTaskList                        0x20000038   Data           4  tasks.o(.data)
    pxOverflowDelayedTaskList                0x2000003c   Data           4  tasks.o(.data)
    uxDeletedTasksWaitingCleanUp             0x20000040   Data           4  tasks.o(.data)
    uxCurrentNumberOfTasks                   0x20000044   Data           4  tasks.o(.data)
    xTickCount                               0x20000048   Data           4  tasks.o(.data)
    uxTopReadyPriority                       0x2000004c   Data           4  tasks.o(.data)
    xSchedulerRunning                        0x20000050   Data           4  tasks.o(.data)
    uxPendedTicks                            0x20000054   Data           4  tasks.o(.data)
    xYieldPending                            0x20000058   Data           4  tasks.o(.data)
    xNumOfOverflows                          0x2000005c   Data           4  tasks.o(.data)
    uxTaskNumber                             0x20000060   Data           4  tasks.o(.data)
    xNextTaskUnblockTime                     0x20000064   Data           4  tasks.o(.data)
    xIdleTaskHandle                          0x20000068   Data           4  tasks.o(.data)
    uxSchedulerSuspended                     0x2000006c   Data           4  tasks.o(.data)
    .data                                    0x20000070   Section       24  heap_4.o(.data)
    pxEnd                                    0x20000070   Data           4  heap_4.o(.data)
    xFreeBytesRemaining                      0x20000074   Data           4  heap_4.o(.data)
    xMinimumEverFreeBytesRemaining           0x20000078   Data           4  heap_4.o(.data)
    xBlockAllocatedBit                       0x2000007c   Data           4  heap_4.o(.data)
    xStart                                   0x20000080   Data           8  heap_4.o(.data)
    .data                                    0x20000088   Section       12  port.o(.data)
    ucMaxSysCallPriority                     0x20000088   Data           1  port.o(.data)
    uxCriticalNesting                        0x2000008c   Data           4  port.o(.data)
    ulMaxPRIGROUPValue                       0x20000090   Data           4  port.o(.data)
    .bss                                     0x20000094   Section      252  main.o(.bss)
    .bss                                     0x20000190   Section       68  main.o(.bss)
    .bss                                     0x200001d4   Section      596  freertos.o(.bss)
    xIdleTaskTCBBuffer                       0x200001d4   Data          84  freertos.o(.bss)
    xIdleStack                               0x20000228   Data         512  freertos.o(.bss)
    .bss                                     0x20000428   Section       72  stm32f1xx_hal_timebase_tim.o(.bss)
    .bss                                     0x20000470   Section      240  tasks.o(.bss)
    pxReadyTasksLists                        0x20000470   Data         140  tasks.o(.bss)
    xDelayedTaskList1                        0x200004fc   Data          20  tasks.o(.bss)
    xDelayedTaskList2                        0x20000510   Data          20  tasks.o(.bss)
    xPendingReadyList                        0x20000524   Data          20  tasks.o(.bss)
    xTasksWaitingTermination                 0x20000538   Data          20  tasks.o(.bss)
    xSuspendedTaskList                       0x2000054c   Data          20  tasks.o(.bss)
    .bss                                     0x20000560   Section     3072  heap_4.o(.bss)
    ucHeap                                   0x20000560   Data        3072  heap_4.o(.bss)
    .bss                                     0x20001160   Section       96  libspace.o(.bss)
    HEAP                                     0x200011c0   Section      512  startup_stm32f103xb.o(HEAP)
    Heap_Mem                                 0x200011c0   Data         512  startup_stm32f103xb.o(HEAP)
    STACK                                    0x200013c0   Section     1024  startup_stm32f103xb.o(STACK)
    Stack_Mem                                0x200013c0   Data        1024  startup_stm32f103xb.o(STACK)
    __initial_sp                             0x200017c0   Data           0  startup_stm32f103xb.o(STACK)

    Global Symbols

    Symbol Name                              Value     Ov Type        Size  Object(Section)

    BuildAttributes$$THM_ISAv4$P$D$K$B$S$PE$A:L22UL41UL21$X:L11$S22US41US21$IEEE1$IW$USESV6$~STKCKD$USESV7$~SHL$OSPACE$ROPI$EBA8$UX$STANDARDLIB$REQ8$PRES8$EABIv2 0x00000000   Number         0  anon$$obj.o ABSOLUTE
    __ARM_use_no_argv                        0x00000000   Number         0  main.o ABSOLUTE
    __ARM_exceptions_init                     - Undefined Weak Reference
    __alloca_initialize                       - Undefined Weak Reference
    __arm_preinit_                            - Undefined Weak Reference
    __cpp_initialize__aeabi_                  - Undefined Weak Reference
    __cxa_finalize                            - Undefined Weak Reference
    __rt_locale                               - Undefined Weak Reference
    __sigvec_lookup                           - Undefined Weak Reference
    _atexit_init                              - Undefined Weak Reference
    _call_atexit_fns                          - Undefined Weak Reference
    _clock_init                               - Undefined Weak Reference
    _fp_trap_init                             - Undefined Weak Reference
    _fp_trap_shutdown                         - Undefined Weak Reference
    _get_lc_collate                           - Undefined Weak Reference
    _get_lc_ctype                             - Undefined Weak Reference
    _get_lc_monetary                          - Undefined Weak Reference
    _get_lc_numeric                           - Undefined Weak Reference
    _get_lc_time                              - Undefined Weak Reference
    _getenv_init                              - Undefined Weak Reference
    _handle_redirection                       - Undefined Weak Reference
    _init_alloc                               - Undefined Weak Reference
    _init_user_alloc                          - Undefined Weak Reference
    _initio                                   - Undefined Weak Reference
    _rand_init                                - Undefined Weak Reference
    _signal_finish                            - Undefined Weak Reference
    _signal_init                              - Undefined Weak Reference
    _terminate_alloc                          - Undefined Weak Reference
    _terminate_user_alloc                     - Undefined Weak Reference
    _terminateio                              - Undefined Weak Reference
    __Vectors_Size                           0x000000ec   Number         0  startup_stm32f103xb.o ABSOLUTE
    __Vectors                                0x08000000   Data           4  startup_stm32f103xb.o(RESET)
    __Vectors_End                            0x080000ec   Data           0  startup_stm32f103xb.o(RESET)
    __main                                   0x080000ed   Thumb Code     8  __main.o(!!!main)
    __scatterload                            0x080000f5   Thumb Code     0  __scatter.o(!!!scatter)
    __scatterload_rt2                        0x080000f5   Thumb Code    44  __scatter.o(!!!scatter)
    __scatterload_rt2_thumb_only             0x080000f5   Thumb Code     0  __scatter.o(!!!scatter)
    __scatterload_null                       0x08000103   Thumb Code     0  __scatter.o(!!!scatter)
    __scatterload_copy                       0x08000129   Thumb Code    26  __scatter_copy.o(!!handler_copy)
    __scatterload_zeroinit                   0x08000145   Thumb Code    28  __scatter_zi.o(!!handler_zi)
    __rt_lib_init                            0x08000161   Thumb Code     0  libinit.o(.ARM.Collect$$libinit$$00000000)
    __rt_lib_init_alloca_1                   0x08000163   Thumb Code     0  libinit2.o(.ARM.Collect$$libinit$$0000002E)
    __rt_lib_init_argv_1                     0x08000163   Thumb Code     0  libinit2.o(.ARM.Collect$$libinit$$0000002C)
    __rt_lib_init_atexit_1                   0x08000163   Thumb Code     0  libinit2.o(.ARM.Collect$$libinit$$0000001B)
    __rt_lib_init_clock_1                    0x08000163   Thumb Code     0  libinit2.o(.ARM.Collect$$libinit$$00000021)
    __rt_lib_init_cpp_1                      0x08000163   Thumb Code     0  libinit2.o(.ARM.Collect$$libinit$$00000032)
    __rt_lib_init_exceptions_1               0x08000163   Thumb Code     0  libinit2.o(.ARM.Collect$$libinit$$00000030)
    __rt_lib_init_fp_1                       0x08000163   Thumb Code     0  libinit2.o(.ARM.Collect$$libinit$$00000002)
    __rt_lib_init_fp_trap_1                  0x08000163   Thumb Code     0  libinit2.o(.ARM.Collect$$libinit$$0000001F)
    __rt_lib_init_getenv_1                   0x08000163   Thumb Code     0  libinit2.o(.ARM.Collect$$libinit$$00000023)
    __rt_lib_init_heap_1                     0x08000163   Thumb Code     0  libinit2.o(.ARM.Collect$$libinit$$0000000A)
    __rt_lib_init_lc_collate_1               0x08000163   Thumb Code     0  libinit2.o(.ARM.Collect$$libinit$$00000011)
    __rt_lib_init_lc_ctype_1                 0x08000163   Thumb Code     0  libinit2.o(.ARM.Collect$$libinit$$00000013)
    __rt_lib_init_lc_monetary_1              0x08000163   Thumb Code     0  libinit2.o(.ARM.Collect$$libinit$$00000015)
    __rt_lib_init_lc_numeric_1               0x08000163   Thumb Code     0  libinit2.o(.ARM.Collect$$libinit$$00000017)
    __rt_lib_init_lc_time_1                  0x08000163   Thumb Code     0  libinit2.o(.ARM.Collect$$libinit$$00000019)
    __rt_lib_init_preinit_1                  0x08000163   Thumb Code     0  libinit2.o(.ARM.Collect$$libinit$$00000004)
    __rt_lib_init_rand_1                     0x08000163   Thumb Code     0  libinit2.o(.ARM.Collect$$libinit$$0000000E)
    __rt_lib_init_return                     0x08000163   Thumb Code     0  libinit2.o(.ARM.Collect$$libinit$$00000033)
    __rt_lib_init_signal_1                   0x08000163   Thumb Code     0  libinit2.o(.ARM.Collect$$libinit$$0000001D)
    __rt_lib_init_stdio_1                    0x08000163   Thumb Code     0  libinit2.o(.ARM.Collect$$libinit$$00000025)
    __rt_lib_init_user_alloc_1               0x08000163   Thumb Code     0  libinit2.o(.ARM.Collect$$libinit$$0000000C)
    __rt_lib_shutdown                        0x08000165   Thumb Code     0  libshutdown.o(.ARM.Collect$$libshutdown$$00000000)
    __rt_lib_shutdown_cpp_1                  0x08000167   Thumb Code     0  libshutdown2.o(.ARM.Collect$$libshutdown$$00000002)
    __rt_lib_shutdown_fp_trap_1              0x08000167   Thumb Code     0  libshutdown2.o(.ARM.Collect$$libshutdown$$00000007)
    __rt_lib_shutdown_heap_1                 0x08000167   Thumb Code     0  libshutdown2.o(.ARM.Collect$$libshutdown$$0000000F)
    __rt_lib_shutdown_return                 0x08000167   Thumb Code     0  libshutdown2.o(.ARM.Collect$$libshutdown$$00000010)
    __rt_lib_shutdown_signal_1               0x08000167   Thumb Code     0  libshutdown2.o(.ARM.Collect$$libshutdown$$0000000A)
    __rt_lib_shutdown_stdio_1                0x08000167   Thumb Code     0  libshutdown2.o(.ARM.Collect$$libshutdown$$00000004)
    __rt_lib_shutdown_user_alloc_1           0x08000167   Thumb Code     0  libshutdown2.o(.ARM.Collect$$libshutdown$$0000000C)
    __rt_entry                               0x08000169   Thumb Code     0  __rtentry.o(.ARM.Collect$$rtentry$$00000000)
    __rt_entry_presh_1                       0x08000169   Thumb Code     0  __rtentry2.o(.ARM.Collect$$rtentry$$00000002)
    __rt_entry_sh                            0x08000169   Thumb Code     0  __rtentry4.o(.ARM.Collect$$rtentry$$00000004)
    __rt_entry_li                            0x0800016f   Thumb Code     0  __rtentry2.o(.ARM.Collect$$rtentry$$0000000A)
    __rt_entry_postsh_1                      0x0800016f   Thumb Code     0  __rtentry2.o(.ARM.Collect$$rtentry$$00000009)
    __rt_entry_main                          0x08000173   Thumb Code     0  __rtentry2.o(.ARM.Collect$$rtentry$$0000000D)
    __rt_entry_postli_1                      0x08000173   Thumb Code     0  __rtentry2.o(.ARM.Collect$$rtentry$$0000000C)
    __rt_exit                                0x0800017b   Thumb Code     0  rtexit.o(.ARM.Collect$$rtexit$$00000000)
    __rt_exit_ls                             0x0800017d   Thumb Code     0  rtexit2.o(.ARM.Collect$$rtexit$$00000003)
    __rt_exit_prels_1                        0x0800017d   Thumb Code     0  rtexit2.o(.ARM.Collect$$rtexit$$00000002)
    __rt_exit_exit                           0x08000181   Thumb Code     0  rtexit2.o(.ARM.Collect$$rtexit$$00000004)
    SVC_Handler                              0x08000189   Thumb Code    32  port.o(.emb_text)
    __asm___6_port_c_39a90d8d__prvStartFirstTask 0x080001ad   Thumb Code    28  port.o(.emb_text)
    PendSV_Handler                           0x080001cd   Thumb Code    72  port.o(.emb_text)
    vPortGetIPSR                             0x08000219   Thumb Code     6  port.o(.emb_text)
    Reset_Handler                            0x08000221   Thumb Code     8  startup_stm32f103xb.o(.text)
    ADC1_2_IRQHandler                        0x0800023b   Thumb Code     0  startup_stm32f103xb.o(.text)
    CAN1_RX1_IRQHandler                      0x0800023b   Thumb Code     0  startup_stm32f103xb.o(.text)
    CAN1_SCE_IRQHandler                      0x0800023b   Thumb Code     0  startup_stm32f103xb.o(.text)
    DMA1_Channel2_IRQHandler                 0x0800023b   Thumb Code     0  startup_stm32f103xb.o(.text)
    DMA1_Channel3_IRQHandler                 0x0800023b   Thumb Code     0  startup_stm32f103xb.o(.text)
    DMA1_Channel4_IRQHandler                 0x0800023b   Thumb Code     0  startup_stm32f103xb.o(.text)
    DMA1_Channel5_IRQHandler                 0x0800023b   Thumb Code     0  startup_stm32f103xb.o(.text)
    DMA1_Channel6_IRQHandler                 0x0800023b   Thumb Code     0  startup_stm32f103xb.o(.text)
    DMA1_Channel7_IRQHandler                 0x0800023b   Thumb Code     0  startup_stm32f103xb.o(.text)
    EXTI0_IRQHandler                         0x0800023b   Thumb Code     0  startup_stm32f103xb.o(.text)
    EXTI15_10_IRQHandler                     0x0800023b   Thumb Code     0  startup_stm32f103xb.o(.text)
    EXTI1_IRQHandler                         0x0800023b   Thumb Code     0  startup_stm32f103xb.o(.text)
    EXTI2_IRQHandler                         0x0800023b   Thumb Code     0  startup_stm32f103xb.o(.text)
    EXTI3_IRQHandler                         0x0800023b   Thumb Code     0  startup_stm32f103xb.o(.text)
    EXTI4_IRQHandler                         0x0800023b   Thumb Code     0  startup_stm32f103xb.o(.text)
    EXTI9_5_IRQHandler                       0x0800023b   Thumb Code     0  startup_stm32f103xb.o(.text)
    FLASH_IRQHandler                         0x0800023b   Thumb Code     0  startup_stm32f103xb.o(.text)
    I2C1_ER_IRQHandler                       0x0800023b   Thumb Code     0  startup_stm32f103xb.o(.text)
    I2C1_EV_IRQHandler                       0x0800023b   Thumb Code     0  startup_stm32f103xb.o(.text)
    I2C2_ER_IRQHandler                       0x0800023b   Thumb Code     0  startup_stm32f103xb.o(.text)
    I2C2_EV_IRQHandler                       0x0800023b   Thumb Code     0  startup_stm32f103xb.o(.text)
    PVD_IRQHandler                           0x0800023b   Thumb Code     0  startup_stm32f103xb.o(.text)
    RCC_IRQHandler                           0x0800023b   Thumb Code     0  startup_stm32f103xb.o(.text)
    RTC_Alarm_IRQHandler                     0x0800023b   Thumb Code     0  startup_stm32f103xb.o(.text)
    RTC_IRQHandler                           0x0800023b   Thumb Code     0  startup_stm32f103xb.o(.text)
    SPI1_IRQHandler                          0x0800023b   Thumb Code     0  startup_stm32f103xb.o(.text)
    SPI2_IRQHandler                          0x0800023b   Thumb Code     0  startup_stm32f103xb.o(.text)
    TAMPER_IRQHandler                        0x0800023b   Thumb Code     0  startup_stm32f103xb.o(.text)
    TIM1_BRK_IRQHandler                      0x0800023b   Thumb Code     0  startup_stm32f103xb.o(.text)
    TIM1_CC_IRQHandler                       0x0800023b   Thumb Code     0  startup_stm32f103xb.o(.text)
    TIM1_TRG_COM_IRQHandler                  0x0800023b   Thumb Code     0  startup_stm32f103xb.o(.text)
    TIM1_UP_IRQHandler                       0x0800023b   Thumb Code     0  startup_stm32f103xb.o(.text)
    TIM2_IRQHandler                          0x0800023b   Thumb Code     0  startup_stm32f103xb.o(.text)
    TIM3_IRQHandler                          0x0800023b   Thumb Code     0  startup_stm32f103xb.o(.text)
    USART1_IRQHandler                        0x0800023b   Thumb Code     0  startup_stm32f103xb.o(.text)
    USART2_IRQHandler                        0x0800023b   Thumb Code     0  startup_stm32f103xb.o(.text)
    USART3_IRQHandler                        0x0800023b   Thumb Code     0  startup_stm32f103xb.o(.text)
    USBWakeUp_IRQHandler                     0x0800023b   Thumb Code     0  startup_stm32f103xb.o(.text)
    USB_HP_CAN1_TX_IRQHandler                0x0800023b   Thumb Code     0  startup_stm32f103xb.o(.text)
    USB_LP_CAN1_RX0_IRQHandler               0x0800023b   Thumb Code     0  startup_stm32f103xb.o(.text)
    WWDG_IRQHandler                          0x0800023b   Thumb Code     0  startup_stm32f103xb.o(.text)
    __user_initial_stackheap                 0x0800023d   Thumb Code     0  startup_stm32f103xb.o(.text)
    __aeabi_memcpy4                          0x08000261   Thumb Code     0  rt_memcpy_w.o(.text)
    __aeabi_memcpy8                          0x08000261   Thumb Code     0  rt_memcpy_w.o(.text)
    __rt_memcpy_w                            0x08000261   Thumb Code   100  rt_memcpy_w.o(.text)
    _memcpy_lastbytes_aligned                0x080002a9   Thumb Code     0  rt_memcpy_w.o(.text)
    __aeabi_memclr4                          0x080002c5   Thumb Code     0  rt_memclr_w.o(.text)
    __aeabi_memclr8                          0x080002c5   Thumb Code     0  rt_memclr_w.o(.text)
    __rt_memclr_w                            0x080002c5   Thumb Code    78  rt_memclr_w.o(.text)
    _memset_w                                0x080002c9   Thumb Code     0  rt_memclr_w.o(.text)
    __use_two_region_memory                  0x08000313   Thumb Code     2  heapauxi.o(.text)
    __rt_heap_escrow$2region                 0x08000315   Thumb Code     2  heapauxi.o(.text)
    __rt_heap_expand$2region                 0x08000317   Thumb Code     2  heapauxi.o(.text)
    __user_setup_stackheap                   0x08000319   Thumb Code    74  sys_stackheap_outer.o(.text)
    exit                                     0x08000363   Thumb Code    18  exit.o(.text)
    __user_libspace                          0x08000375   Thumb Code     8  libspace.o(.text)
    __user_perproc_libspace                  0x08000375   Thumb Code     0  libspace.o(.text)
    __user_perthread_libspace                0x08000375   Thumb Code     0  libspace.o(.text)
    _sys_exit                                0x0800037d   Thumb Code     8  sys_exit.o(.text)
    __I$use$semihosting                      0x08000389   Thumb Code     0  use_no_semi.o(.text)
    __use_no_semihosting_swi                 0x08000389   Thumb Code     2  use_no_semi.o(.text)
    __semihosting_library_function           0x0800038b   Thumb Code     0  indicate_semi.o(.text)
    ADCTask                                  0x0800038d   Thumb Code   118  main.o(i.ADCTask)
    ADC_ConversionStop_Disable               0x08000411   Thumb Code    86  stm32f1xx_hal_adc.o(i.ADC_ConversionStop_Disable)
    ADC_DMAConvCplt                          0x08000467   Thumb Code    78  stm32f1xx_hal_adc.o(i.ADC_DMAConvCplt)
    ADC_DMAError                             0x080004b5   Thumb Code    26  stm32f1xx_hal_adc.o(i.ADC_DMAError)
    ADC_DMAHalfConvCplt                      0x080004cf   Thumb Code    10  stm32f1xx_hal_adc.o(i.ADC_DMAHalfConvCplt)
    ADC_Enable                               0x080004d9   Thumb Code   114  stm32f1xx_hal_adc.o(i.ADC_Enable)
    BusFault_Handler                         0x08000555   Thumb Code     2  stm32f1xx_it.o(i.BusFault_Handler)
    DHT_Get_Data                             0x08000557   Thumb Code    62  dht11.o(i.DHT_Get_Data)
    DHT_Read                                 0x08000595   Thumb Code    90  dht11.o(i.DHT_Read)
    DHT_Response                             0x080005f5   Thumb Code    56  dht11.o(i.DHT_Response)
    DMA1_Channel1_IRQHandler                 0x08000631   Thumb Code     6  stm32f1xx_it.o(i.DMA1_Channel1_IRQHandler)
    DebugMon_Handler                         0x08000667   Thumb Code     2  stm32f1xx_it.o(i.DebugMon_Handler)
    DhtTask                                  0x08000669   Thumb Code    50  main.o(i.DhtTask)
    Error_Handler                            0x080006a1   Thumb Code     4  main.o(i.Error_Handler)
    HAL_ADC_ConfigChannel                    0x080006a5   Thumb Code   240  stm32f1xx_hal_adc.o(i.HAL_ADC_ConfigChannel)
    HAL_ADC_ConvCpltCallback                 0x080007a1   Thumb Code     2  stm32f1xx_hal_adc.o(i.HAL_ADC_ConvCpltCallback)
    HAL_ADC_ConvHalfCpltCallback             0x080007a3   Thumb Code     2  stm32f1xx_hal_adc.o(i.HAL_ADC_ConvHalfCpltCallback)
    HAL_ADC_ErrorCallback                    0x080007a5   Thumb Code     2  stm32f1xx_hal_adc.o(i.HAL_ADC_ErrorCallback)
    HAL_ADC_Init                             0x080007a9   Thumb Code   272  stm32f1xx_hal_adc.o(i.HAL_ADC_Init)
    HAL_ADC_MspInit                          0x080008c5   Thumb Code   120  stm32f1xx_hal_msp.o(i.HAL_ADC_MspInit)
    HAL_ADC_Start_DMA                        0x08000951   Thumb Code   246  stm32f1xx_hal_adc.o(i.HAL_ADC_Start_DMA)
    HAL_DMA_IRQHandler                       0x08000a5d   Thumb Code   316  stm32f1xx_hal_dma.o(i.HAL_DMA_IRQHandler)
    HAL_DMA_Init                             0x08000bb1   Thumb Code    84  stm32f1xx_hal_dma.o(i.HAL_DMA_Init)
    HAL_DMA_Start_IT                         0x08000c0d   Thumb Code   112  stm32f1xx_hal_dma.o(i.HAL_DMA_Start_IT)
    HAL_Delay                                0x08000c7d   Thumb Code    32  stm32f1xx_hal.o(i.HAL_Delay)
    HAL_GPIO_Init                            0x08000ca1   Thumb Code   446  stm32f1xx_hal_gpio.o(i.HAL_GPIO_Init)
    HAL_GPIO_ReadPin                         0x08000e81   Thumb Code    10  stm32f1xx_hal_gpio.o(i.HAL_GPIO_ReadPin)
    HAL_GPIO_WritePin                        0x08000e8b   Thumb Code    10  stm32f1xx_hal_gpio.o(i.HAL_GPIO_WritePin)
    HAL_GetTick                              0x08000e95   Thumb Code     6  stm32f1xx_hal.o(i.HAL_GetTick)
    HAL_IncTick                              0x08000ea1   Thumb Code    12  stm32f1xx_hal.o(i.HAL_IncTick)
    HAL_Init                                 0x08000eb1   Thumb Code    32  stm32f1xx_hal.o(i.HAL_Init)
    HAL_InitTick                             0x08000ed5   Thumb Code   132  stm32f1xx_hal_timebase_tim.o(i.HAL_InitTick)
    HAL_MspInit                              0x08000f6d   Thumb Code    62  stm32f1xx_hal_msp.o(i.HAL_MspInit)
    HAL_NVIC_EnableIRQ                       0x08000fb5   Thumb Code    26  stm32f1xx_hal_cortex.o(i.HAL_NVIC_EnableIRQ)
    HAL_NVIC_SetPriority                     0x08000fd1   Thumb Code    60  stm32f1xx_hal_cortex.o(i.HAL_NVIC_SetPriority)
    HAL_NVIC_SetPriorityGrouping             0x08001011   Thumb Code    26  stm32f1xx_hal_cortex.o(i.HAL_NVIC_SetPriorityGrouping)
    HAL_RCCEx_PeriphCLKConfig                0x08001035   Thumb Code   224  stm32f1xx_hal_rcc_ex.o(i.HAL_RCCEx_PeriphCLKConfig)
    HAL_RCC_ClockConfig                      0x08001121   Thumb Code   280  stm32f1xx_hal_rcc.o(i.HAL_RCC_ClockConfig)
    HAL_RCC_GetClockConfig                   0x0800124d   Thumb Code    54  stm32f1xx_hal_rcc.o(i.HAL_RCC_GetClockConfig)
    HAL_RCC_GetHCLKFreq                      0x0800128d   Thumb Code     6  stm32f1xx_hal_rcc.o(i.HAL_RCC_GetHCLKFreq)
    HAL_RCC_GetPCLK1Freq                     0x08001299   Thumb Code    20  stm32f1xx_hal_rcc.o(i.HAL_RCC_GetPCLK1Freq)
    HAL_RCC_GetSysClockFreq                  0x080012b9   Thumb Code    74  stm32f1xx_hal_rcc.o(i.HAL_RCC_GetSysClockFreq)
    HAL_RCC_OscConfig                        0x08001325   Thumb Code   778  stm32f1xx_hal_rcc.o(i.HAL_RCC_OscConfig)
    HAL_SPI_GetState                         0x08001645   Thumb Code     6  stm32f1xx_hal_spi.o(i.HAL_SPI_GetState)
    HAL_SPI_Init                             0x0800164b   Thumb Code   178  stm32f1xx_hal_spi.o(i.HAL_SPI_Init)
    HAL_SPI_MspInit                          0x080016fd   Thumb Code   102  stm32f1xx_hal_msp.o(i.HAL_SPI_MspInit)
    HAL_SPI_Receive                          0x08001771   Thumb Code   346  stm32f1xx_hal_spi.o(i.HAL_SPI_Receive)
    HAL_SPI_Transmit                         0x080018cb   Thumb Code   358  stm32f1xx_hal_spi.o(i.HAL_SPI_Transmit)
    HAL_SPI_TransmitReceive                  0x08001a31   Thumb Code   482  stm32f1xx_hal_spi.o(i.HAL_SPI_TransmitReceive)
    HAL_TIMEx_BreakCallback                  0x08001c13   Thumb Code     2  stm32f1xx_hal_tim_ex.o(i.HAL_TIMEx_BreakCallback)
    HAL_TIMEx_CommutCallback                 0x08001c15   Thumb Code     2  stm32f1xx_hal_tim_ex.o(i.HAL_TIMEx_CommutCallback)
    HAL_TIMEx_MasterConfigSynchronization    0x08001c19   Thumb Code    92  stm32f1xx_hal_tim_ex.o(i.HAL_TIMEx_MasterConfigSynchronization)
    HAL_TIM_Base_Init                        0x08001c81   Thumb Code    90  stm32f1xx_hal_tim.o(i.HAL_TIM_Base_Init)
    HAL_TIM_Base_MspInit                     0x08001cdd   Thumb Code    30  stm32f1xx_hal_msp.o(i.HAL_TIM_Base_MspInit)
    HAL_TIM_Base_Start_IT                    0x08001d01   Thumb Code    76  stm32f1xx_hal_tim.o(i.HAL_TIM_Base_Start_IT)
    HAL_TIM_ConfigClockSource                0x08001d59   Thumb Code   214  stm32f1xx_hal_tim.o(i.HAL_TIM_ConfigClockSource)
    HAL_TIM_IC_CaptureCallback               0x08001e2f   Thumb Code     2  stm32f1xx_hal_tim.o(i.HAL_TIM_IC_CaptureCallback)
    HAL_TIM_IRQHandler                       0x08001e31   Thumb Code   358  stm32f1xx_hal_tim.o(i.HAL_TIM_IRQHandler)
    HAL_TIM_MspPostInit                      0x08001f99   Thumb Code    80  stm32f1xx_hal_msp.o(i.HAL_TIM_MspPostInit)
    HAL_TIM_OC_DelayElapsedCallback          0x08001ff5   Thumb Code     2  stm32f1xx_hal_tim.o(i.HAL_TIM_OC_DelayElapsedCallback)
    HAL_TIM_PWM_ConfigChannel                0x08001ff7   Thumb Code   198  stm32f1xx_hal_tim.o(i.HAL_TIM_PWM_ConfigChannel)
    HAL_TIM_PWM_Init                         0x080020bd   Thumb Code    90  stm32f1xx_hal_tim.o(i.HAL_TIM_PWM_Init)
    HAL_TIM_PWM_MspInit                      0x08002117   Thumb Code     2  stm32f1xx_hal_tim.o(i.HAL_TIM_PWM_MspInit)
    HAL_TIM_PWM_PulseFinishedCallback        0x08002119   Thumb Code     2  stm32f1xx_hal_tim.o(i.HAL_TIM_PWM_PulseFinishedCallback)
    HAL_TIM_PeriodElapsedCallback            0x0800211d   Thumb Code    14  main.o(i.HAL_TIM_PeriodElapsedCallback)
    HAL_TIM_TriggerCallback                  0x08002131   Thumb Code     2  stm32f1xx_hal_tim.o(i.HAL_TIM_TriggerCallback)
    HardFault_Handler                        0x08002133   Thumb Code     2  stm32f1xx_it.o(i.HardFault_Handler)
    LoRaTask                                 0x08002135   Thumb Code    60  main.o(i.LoRaTask)
    LoRa_BurstWrite                          0x08002179   Thumb Code    86  lora.o(i.LoRa_BurstWrite)
    LoRa_gotoMode                            0x080021cf   Thumb Code   102  lora.o(i.LoRa_gotoMode)
    LoRa_init                                0x08002235   Thumb Code   222  lora.o(i.LoRa_init)
    LoRa_read                                0x08002313   Thumb Code    30  lora.o(i.LoRa_read)
    LoRa_readReg                             0x08002331   Thumb Code    88  lora.o(i.LoRa_readReg)
    LoRa_setFrequency                        0x08002389   Thumb Code    64  lora.o(i.LoRa_setFrequency)
    LoRa_setOCP                              0x080023c9   Thumb Code    62  lora.o(i.LoRa_setOCP)
    LoRa_setPower                            0x08002407   Thumb Code    20  lora.o(i.LoRa_setPower)
    LoRa_setSpreadingFactor                  0x0800241b   Thumb Code    58  lora.o(i.LoRa_setSpreadingFactor)
    LoRa_setTOMsb_setCRCon                   0x08002455   Thumb Code    32  lora.o(i.LoRa_setTOMsb_setCRCon)
    LoRa_transmit                            0x08002475   Thumb Code   132  lora.o(i.LoRa_transmit)
    LoRa_write                               0x080024f9   Thumb Code    30  lora.o(i.LoRa_write)
    LoRa_writeReg                            0x08002517   Thumb Code    88  lora.o(i.LoRa_writeReg)
    MCU_Send_Start                           0x08002571   Thumb Code   106  dht11.o(i.MCU_Send_Start)
    MemManage_Handler                        0x080027ed   Thumb Code     2  stm32f1xx_it.o(i.MemManage_Handler)
    NMI_Handler                              0x080027ef   Thumb Code     2  stm32f1xx_it.o(i.NMI_Handler)
    Set_Pin_Input                            0x08002925   Thumb Code    20  dht11.o(i.Set_Pin_Input)
    Set_Pin_Output                           0x08002939   Thumb Code    24  dht11.o(i.Set_Pin_Output)
    SysTick_Handler                          0x08002951   Thumb Code    38  port.o(i.SysTick_Handler)
    SystemClock_Config                       0x0800297d   Thumb Code   120  main.o(i.SystemClock_Config)
    SystemInit                               0x080029f5   Thumb Code     2  system_stm32f1xx.o(i.SystemInit)
    TIM4_IRQHandler                          0x080029f9   Thumb Code     6  stm32f1xx_it.o(i.TIM4_IRQHandler)
    TIM_Base_SetConfig                       0x08002a05   Thumb Code    94  stm32f1xx_hal_tim.o(i.TIM_Base_SetConfig)
    TIM_ETR_SetConfig                        0x08002a71   Thumb Code    20  stm32f1xx_hal_tim.o(i.TIM_ETR_SetConfig)
    TIM_OC2_SetConfig                        0x08002ae5   Thumb Code    84  stm32f1xx_hal_tim.o(i.TIM_OC2_SetConfig)
    UsageFault_Handler                       0x08002c1f   Thumb Code     2  stm32f1xx_it.o(i.UsageFault_Handler)
    main                                     0x08002c6d   Thumb Code   222  main.o(i.main)
    newLoRa                                  0x08002d81   Thumb Code    56  lora.o(i.newLoRa)
    osDelay                                  0x08002db9   Thumb Code    14  cmsis_os.o(i.osDelay)
    osKernelStart                            0x08002dc7   Thumb Code    10  cmsis_os.o(i.osKernelStart)
    pvPortMalloc                             0x08003129   Thumb Code   210  heap_4.o(i.pvPortMalloc)
    pxPortInitialiseStack                    0x08003201   Thumb Code    32  port.o(i.pxPortInitialiseStack)
    uxListRemove                             0x08003225   Thumb Code    38  list.o(i.uxListRemove)
    uxTaskResetEventItemValue                0x0800324d   Thumb Code    20  tasks.o(i.uxTaskResetEventItemValue)
    vApplicationGetIdleTaskMemory            0x08003265   Thumb Code    16  freertos.o(i.vApplicationGetIdleTaskMemory)
    vListInitialise                          0x08003279   Thumb Code    22  list.o(i.vListInitialise)
    vListInitialiseItem                      0x0800328f   Thumb Code     6  list.o(i.vListInitialiseItem)
    vListInsert                              0x08003295   Thumb Code    48  list.o(i.vListInsert)
    vListInsertEnd                           0x080032c5   Thumb Code    24  list.o(i.vListInsertEnd)
    vPortEnterCritical                       0x080032dd   Thumb Code    54  port.o(i.vPortEnterCritical)
    vPortExitCritical                        0x0800331d   Thumb Code    34  port.o(i.vPortExitCritical)
    vPortFree                                0x08003345   Thumb Code    88  heap_4.o(i.vPortFree)
    vPortSetupTimerInterrupt                 0x080033a1   Thumb Code    32  port.o(i.vPortSetupTimerInterrupt)
    vTaskDelay                               0x080033c5   Thumb Code    66  tasks.o(i.vTaskDelay)
    vTaskPlaceOnUnorderedEventList           0x08003411   Thumb Code    76  tasks.o(i.vTaskPlaceOnUnorderedEventList)
    vTaskRemoveFromUnorderedEventList        0x08003461   Thumb Code   104  tasks.o(i.vTaskRemoveFromUnorderedEventList)
    vTaskStartScheduler                      0x080034d1   Thumb Code    90  tasks.o(i.vTaskStartScheduler)
    vTaskSuspendAll                          0x0800353d   Thumb Code    10  tasks.o(i.vTaskSuspendAll)
    vTaskSwitchContext                       0x0800354d   Thumb Code    82  tasks.o(i.vTaskSwitchContext)
    xEventGroupCreate                        0x080035a9   Thumb Code    28  event_groups.o(i.xEventGroupCreate)
    xEventGroupSetBits                       0x080035c5   Thumb Code   140  event_groups.o(i.xEventGroupSetBits)
    xEventGroupWaitBits                      0x08003651   Thumb Code   260  event_groups.o(i.xEventGroupWaitBits)
    xPortStartScheduler                      0x08003759   Thumb Code   154  port.o(i.xPortStartScheduler)
    xTaskCreate                              0x08003801   Thumb Code    90  tasks.o(i.xTaskCreate)
    xTaskCreateStatic                        0x0800385b   Thumb Code    86  tasks.o(i.xTaskCreateStatic)
    xTaskGetSchedulerState                   0x080038b1   Thumb Code    22  tasks.o(i.xTaskGetSchedulerState)
    xTaskIncrementTick                       0x080038cd   Thumb Code   192  tasks.o(i.xTaskIncrementTick)
    xTaskResumeAll                           0x08003995   Thumb Code   182  tasks.o(i.xTaskResumeAll)
    AHBPrescTable                            0x08003a58   Data          16  system_stm32f1xx.o(.constdata)
    APBPrescTable                            0x08003a68   Data           8  system_stm32f1xx.o(.constdata)
    Region$$Table$$Base                      0x08003a70   Number         0  anon$$obj.o(Region$$Table)
    Region$$Table$$Limit                     0x08003a90   Number         0  anon$$obj.o(Region$$Table)
    LoRa_state                               0x20000000   Data           1  main.o(.data)
    LoRa_flag                                0x20000001   Data           1  main.o(.data)
    Dht_flag                                 0x20000002   Data           1  main.o(.data)
    Hum                                      0x20000003   Data           1  main.o(.data)
    Tem                                      0x20000004   Data           1  main.o(.data)
    DHT_Data                                 0x20000005   Data           2  main.o(.data)
    data_transmit                            0x20000007   Data           4  main.o(.data)
    ADCTaskHandle                            0x2000000c   Data           4  main.o(.data)
    LoRaTaskHandle                           0x20000010   Data           4  main.o(.data)
    DhtTaskHandle                            0x20000014   Data           4  main.o(.data)
    LoRaEventGroupHandle                     0x20000018   Data           4  main.o(.data)
    BitsToWaitForOn                          0x2000001c   Data           4  main.o(.data)
    adc                                      0x20000020   Data           4  main.o(.data)
    uwTickFreq                               0x20000024   Data           1  stm32f1xx_hal.o(.data)
    uwTickPrio                               0x20000028   Data           4  stm32f1xx_hal.o(.data)
    uwTick                                   0x2000002c   Data           4  stm32f1xx_hal.o(.data)
    SystemCoreClock                          0x20000030   Data           4  system_stm32f1xx.o(.data)
    pxCurrentTCB                             0x20000034   Data           4  tasks.o(.data)
    hadc1                                    0x20000094   Data          48  main.o(.bss)
    hspi2                                    0x200000c4   Data          88  main.o(.bss)
    htim2                                    0x2000011c   Data          72  main.o(.bss)
    myLoRa                                   0x20000164   Data          44  main.o(.bss)
    hdma_adc1                                0x20000190   Data          68  main.o(.bss)
    htim4                                    0x20000428   Data          72  stm32f1xx_hal_timebase_tim.o(.bss)
    __libspace_start                         0x20001160   Data          96  libspace.o(.bss)
    __temporary_stack_top$libspace           0x200011c0   Data           0  libspace.o(.bss)



==============================================================================

Memory Map of the image

  Image Entry point : 0x080000ed

  Load Region LR_IROM1 (Base: 0x08000000, Size: 0x00003b24, Max: 0x00010000, ABSOLUTE)

    Execution Region ER_IROM1 (Exec base: 0x08000000, Load base: 0x08000000, Size: 0x00003a90, Max: 0x00010000, ABSOLUTE)

    Exec Addr    Load Addr    Size         Type   Attr      Idx    E Section Name        Object

    0x08000000   0x08000000   0x000000ec   Data   RO            3    RESET               startup_stm32f103xb.o
    0x080000ec   0x080000ec   0x00000008   Code   RO         4602  * !!!main             c_w.l(__main.o)
    0x080000f4   0x080000f4   0x00000034   Code   RO         4771    !!!scatter          c_w.l(__scatter.o)
    0x08000128   0x08000128   0x0000001a   Code   RO         4773    !!handler_copy      c_w.l(__scatter_copy.o)
    0x08000142   0x08000142   0x00000002   PAD
    0x08000144   0x08000144   0x0000001c   Code   RO         4775    !!handler_zi        c_w.l(__scatter_zi.o)
    0x08000160   0x08000160   0x00000002   Code   RO         4641    .ARM.Collect$$libinit$$00000000  c_w.l(libinit.o)
    0x08000162   0x08000162   0x00000000   Code   RO         4654    .ARM.Collect$$libinit$$00000002  c_w.l(libinit2.o)
    0x08000162   0x08000162   0x00000000   Code   RO         4656    .ARM.Collect$$libinit$$00000004  c_w.l(libinit2.o)
    0x08000162   0x08000162   0x00000000   Code   RO         4659    .ARM.Collect$$libinit$$0000000A  c_w.l(libinit2.o)
    0x08000162   0x08000162   0x00000000   Code   RO         4661    .ARM.Collect$$libinit$$0000000C  c_w.l(libinit2.o)
    0x08000162   0x08000162   0x00000000   Code   RO         4663    .ARM.Collect$$libinit$$0000000E  c_w.l(libinit2.o)
    0x08000162   0x08000162   0x00000000   Code   RO         4666    .ARM.Collect$$libinit$$00000011  c_w.l(libinit2.o)
    0x08000162   0x08000162   0x00000000   Code   RO         4668    .ARM.Collect$$libinit$$00000013  c_w.l(libinit2.o)
    0x08000162   0x08000162   0x00000000   Code   RO         4670    .ARM.Collect$$libinit$$00000015  c_w.l(libinit2.o)
    0x08000162   0x08000162   0x00000000   Code   RO         4672    .ARM.Collect$$libinit$$00000017  c_w.l(libinit2.o)
    0x08000162   0x08000162   0x00000000   Code   RO         4674    .ARM.Collect$$libinit$$00000019  c_w.l(libinit2.o)
    0x08000162   0x08000162   0x00000000   Code   RO         4676    .ARM.Collect$$libinit$$0000001B  c_w.l(libinit2.o)
    0x08000162   0x08000162   0x00000000   Code   RO         4678    .ARM.Collect$$libinit$$0000001D  c_w.l(libinit2.o)
    0x08000162   0x08000162   0x00000000   Code   RO         4680    .ARM.Collect$$libinit$$0000001F  c_w.l(libinit2.o)
    0x08000162   0x08000162   0x00000000   Code   RO         4682    .ARM.Collect$$libinit$$00000021  c_w.l(libinit2.o)
    0x08000162   0x08000162   0x00000000   Code   RO         4684    .ARM.Collect$$libinit$$00000023  c_w.l(libinit2.o)
    0x08000162   0x08000162   0x00000000   Code   RO         4686    .ARM.Collect$$libinit$$00000025  c_w.l(libinit2.o)
    0x08000162   0x08000162   0x00000000   Code   RO         4690    .ARM.Collect$$libinit$$0000002C  c_w.l(libinit2.o)
    0x08000162   0x08000162   0x00000000   Code   RO         4692    .ARM.Collect$$libinit$$0000002E  c_w.l(libinit2.o)
    0x08000162   0x08000162   0x00000000   Code   RO         4694    .ARM.Collect$$libinit$$00000030  c_w.l(libinit2.o)
    0x08000162   0x08000162   0x00000000   Code   RO         4696    .ARM.Collect$$libinit$$00000032  c_w.l(libinit2.o)
    0x08000162   0x08000162   0x00000002   Code   RO         4697    .ARM.Collect$$libinit$$00000033  c_w.l(libinit2.o)
    0x08000164   0x08000164   0x00000002   Code   RO         4728    .ARM.Collect$$libshutdown$$00000000  c_w.l(libshutdown.o)
    0x08000166   0x08000166   0x00000000   Code   RO         4754    .ARM.Collect$$libshutdown$$00000002  c_w.l(libshutdown2.o)
    0x08000166   0x08000166   0x00000000   Code   RO         4756    .ARM.Collect$$libshutdown$$00000004  c_w.l(libshutdown2.o)
    0x08000166   0x08000166   0x00000000   Code   RO         4759    .ARM.Collect$$libshutdown$$00000007  c_w.l(libshutdown2.o)
    0x08000166   0x08000166   0x00000000   Code   RO         4762    .ARM.Collect$$libshutdown$$0000000A  c_w.l(libshutdown2.o)
    0x08000166   0x08000166   0x00000000   Code   RO         4764    .ARM.Collect$$libshutdown$$0000000C  c_w.l(libshutdown2.o)
    0x08000166   0x08000166   0x00000000   Code   RO         4767    .ARM.Collect$$libshutdown$$0000000F  c_w.l(libshutdown2.o)
    0x08000166   0x08000166   0x00000002   Code   RO         4768    .ARM.Collect$$libshutdown$$00000010  c_w.l(libshutdown2.o)
    0x08000168   0x08000168   0x00000000   Code   RO         4604    .ARM.Collect$$rtentry$$00000000  c_w.l(__rtentry.o)
    0x08000168   0x08000168   0x00000000   Code   RO         4612    .ARM.Collect$$rtentry$$00000002  c_w.l(__rtentry2.o)
    0x08000168   0x08000168   0x00000006   Code   RO         4624    .ARM.Collect$$rtentry$$00000004  c_w.l(__rtentry4.o)
    0x0800016e   0x0800016e   0x00000000   Code   RO         4614    .ARM.Collect$$rtentry$$00000009  c_w.l(__rtentry2.o)
    0x0800016e   0x0800016e   0x00000004   Code   RO         4615    .ARM.Collect$$rtentry$$0000000A  c_w.l(__rtentry2.o)
    0x08000172   0x08000172   0x00000000   Code   RO         4617    .ARM.Collect$$rtentry$$0000000C  c_w.l(__rtentry2.o)
    0x08000172   0x08000172   0x00000008   Code   RO         4618    .ARM.Collect$$rtentry$$0000000D  c_w.l(__rtentry2.o)
    0x0800017a   0x0800017a   0x00000002   Code   RO         4645    .ARM.Collect$$rtexit$$00000000  c_w.l(rtexit.o)
    0x0800017c   0x0800017c   0x00000000   Code   RO         4701    .ARM.Collect$$rtexit$$00000002  c_w.l(rtexit2.o)
    0x0800017c   0x0800017c   0x00000004   Code   RO         4702    .ARM.Collect$$rtexit$$00000003  c_w.l(rtexit2.o)
    0x08000180   0x08000180   0x00000006   Code   RO         4703    .ARM.Collect$$rtexit$$00000004  c_w.l(rtexit2.o)
    0x08000186   0x08000186   0x00000002   PAD
    0x08000188   0x08000188   0x00000096   Code   RO         4509    .emb_text           port.o
    0x0800021e   0x0800021e   0x00000002   PAD
    0x08000220   0x08000220   0x00000040   Code   RO            4    .text               startup_stm32f103xb.o
    0x08000260   0x08000260   0x00000064   Code   RO         4594    .text               c_w.l(rt_memcpy_w.o)
    0x080002c4   0x080002c4   0x0000004e   Code   RO         4598    .text               c_w.l(rt_memclr_w.o)
    0x08000312   0x08000312   0x00000006   Code   RO         4600    .text               c_w.l(heapauxi.o)
    0x08000318   0x08000318   0x0000004a   Code   RO         4628    .text               c_w.l(sys_stackheap_outer.o)
    0x08000362   0x08000362   0x00000012   Code   RO         4630    .text               c_w.l(exit.o)
    0x08000374   0x08000374   0x00000008   Code   RO         4642    .text               c_w.l(libspace.o)
    0x0800037c   0x0800037c   0x0000000c   Code   RO         4698    .text               c_w.l(sys_exit.o)
    0x08000388   0x08000388   0x00000002   Code   RO         4717    .text               c_w.l(use_no_semi.o)
    0x0800038a   0x0800038a   0x00000000   Code   RO         4719    .text               c_w.l(indicate_semi.o)
    0x0800038a   0x0800038a   0x00000002   PAD
    0x0800038c   0x0800038c   0x00000084   Code   RO          355    i.ADCTask           main.o
    0x08000410   0x08000410   0x00000056   Code   RO          738    i.ADC_ConversionStop_Disable  stm32f1xx_hal_adc.o
    0x08000466   0x08000466   0x0000004e   Code   RO          739    i.ADC_DMAConvCplt   stm32f1xx_hal_adc.o
    0x080004b4   0x080004b4   0x0000001a   Code   RO          740    i.ADC_DMAError      stm32f1xx_hal_adc.o
    0x080004ce   0x080004ce   0x0000000a   Code   RO          741    i.ADC_DMAHalfConvCplt  stm32f1xx_hal_adc.o
    0x080004d8   0x080004d8   0x0000007c   Code   RO          742    i.ADC_Enable        stm32f1xx_hal_adc.o
    0x08000554   0x08000554   0x00000002   Code   RO          526    i.BusFault_Handler  stm32f1xx_it.o
    0x08000556   0x08000556   0x0000003e   Code   RO           13    i.DHT_Get_Data      dht11.o
    0x08000594   0x08000594   0x00000060   Code   RO           14    i.DHT_Read          dht11.o
    0x080005f4   0x080005f4   0x0000003c   Code   RO           15    i.DHT_Response      dht11.o
    0x08000630   0x08000630   0x0000000c   Code   RO          527    i.DMA1_Channel1_IRQHandler  stm32f1xx_it.o
    0x0800063c   0x0800063c   0x0000002a   Code   RO         1392    i.DMA_SetConfig     stm32f1xx_hal_dma.o
    0x08000666   0x08000666   0x00000002   Code   RO          528    i.DebugMon_Handler  stm32f1xx_it.o
    0x08000668   0x08000668   0x00000038   Code   RO          356    i.DhtTask           main.o
    0x080006a0   0x080006a0   0x00000004   Code   RO          357    i.Error_Handler     main.o
    0x080006a4   0x080006a4   0x000000fc   Code   RO          744    i.HAL_ADC_ConfigChannel  stm32f1xx_hal_adc.o
    0x080007a0   0x080007a0   0x00000002   Code   RO          745    i.HAL_ADC_ConvCpltCallback  stm32f1xx_hal_adc.o
    0x080007a2   0x080007a2   0x00000002   Code   RO          746    i.HAL_ADC_ConvHalfCpltCallback  stm32f1xx_hal_adc.o
    0x080007a4   0x080007a4   0x00000002   Code   RO          748    i.HAL_ADC_ErrorCallback  stm32f1xx_hal_adc.o
    0x080007a6   0x080007a6   0x00000002   PAD
    0x080007a8   0x080007a8   0x0000011c   Code   RO          753    i.HAL_ADC_Init      stm32f1xx_hal_adc.o
    0x080008c4   0x080008c4   0x0000008c   Code   RO          597    i.HAL_ADC_MspInit   stm32f1xx_hal_msp.o
    0x08000950   0x08000950   0x0000010c   Code   RO          760    i.HAL_ADC_Start_DMA  stm32f1xx_hal_adc.o
    0x08000a5c   0x08000a5c   0x00000154   Code   RO         1398    i.HAL_DMA_IRQHandler  stm32f1xx_hal_dma.o
    0x08000bb0   0x08000bb0   0x0000005c   Code   RO         1399    i.HAL_DMA_Init      stm32f1xx_hal_dma.o
    0x08000c0c   0x08000c0c   0x00000070   Code   RO         1403    i.HAL_DMA_Start_IT  stm32f1xx_hal_dma.o
    0x08000c7c   0x08000c7c   0x00000024   Code   RO         1021    i.HAL_Delay         stm32f1xx_hal.o
    0x08000ca0   0x08000ca0   0x000001e0   Code   RO         1329    i.HAL_GPIO_Init     stm32f1xx_hal_gpio.o
    0x08000e80   0x08000e80   0x0000000a   Code   RO         1331    i.HAL_GPIO_ReadPin  stm32f1xx_hal_gpio.o
    0x08000e8a   0x08000e8a   0x0000000a   Code   RO         1333    i.HAL_GPIO_WritePin  stm32f1xx_hal_gpio.o
    0x08000e94   0x08000e94   0x0000000c   Code   RO         1025    i.HAL_GetTick       stm32f1xx_hal.o
    0x08000ea0   0x08000ea0   0x00000010   Code   RO         1031    i.HAL_IncTick       stm32f1xx_hal.o
    0x08000eb0   0x08000eb0   0x00000024   Code   RO         1032    i.HAL_Init          stm32f1xx_hal.o
    0x08000ed4   0x08000ed4   0x00000098   Code   RO          663    i.HAL_InitTick      stm32f1xx_hal_timebase_tim.o
    0x08000f6c   0x08000f6c   0x00000048   Code   RO          598    i.HAL_MspInit       stm32f1xx_hal_msp.o
    0x08000fb4   0x08000fb4   0x0000001a   Code   RO         1489    i.HAL_NVIC_EnableIRQ  stm32f1xx_hal_cortex.o
    0x08000fce   0x08000fce   0x00000002   PAD
    0x08000fd0   0x08000fd0   0x00000040   Code   RO         1495    i.HAL_NVIC_SetPriority  stm32f1xx_hal_cortex.o
    0x08001010   0x08001010   0x00000024   Code   RO         1496    i.HAL_NVIC_SetPriorityGrouping  stm32f1xx_hal_cortex.o
    0x08001034   0x08001034   0x000000ec   Code   RO         1292    i.HAL_RCCEx_PeriphCLKConfig  stm32f1xx_hal_rcc_ex.o
    0x08001120   0x08001120   0x0000012c   Code   RO         1189    i.HAL_RCC_ClockConfig  stm32f1xx_hal_rcc.o
    0x0800124c   0x0800124c   0x00000040   Code   RO         1193    i.HAL_RCC_GetClockConfig  stm32f1xx_hal_rcc.o
    0x0800128c   0x0800128c   0x0000000c   Code   RO         1194    i.HAL_RCC_GetHCLKFreq  stm32f1xx_hal_rcc.o
    0x08001298   0x08001298   0x00000020   Code   RO         1196    i.HAL_RCC_GetPCLK1Freq  stm32f1xx_hal_rcc.o
    0x080012b8   0x080012b8   0x0000006c   Code   RO         1198    i.HAL_RCC_GetSysClockFreq  stm32f1xx_hal_rcc.o
    0x08001324   0x08001324   0x00000320   Code   RO         1201    i.HAL_RCC_OscConfig  stm32f1xx_hal_rcc.o
    0x08001644   0x08001644   0x00000006   Code   RO         1998    i.HAL_SPI_GetState  stm32f1xx_hal_spi.o
    0x0800164a   0x0800164a   0x000000b2   Code   RO         2000    i.HAL_SPI_Init      stm32f1xx_hal_spi.o
    0x080016fc   0x080016fc   0x00000074   Code   RO          600    i.HAL_SPI_MspInit   stm32f1xx_hal_msp.o
    0x08001770   0x08001770   0x0000015a   Code   RO         2003    i.HAL_SPI_Receive   stm32f1xx_hal_spi.o
    0x080018ca   0x080018ca   0x00000166   Code   RO         2008    i.HAL_SPI_Transmit  stm32f1xx_hal_spi.o
    0x08001a30   0x08001a30   0x000001e2   Code   RO         2009    i.HAL_SPI_TransmitReceive  stm32f1xx_hal_spi.o
    0x08001c12   0x08001c12   0x00000002   Code   RO         3017    i.HAL_TIMEx_BreakCallback  stm32f1xx_hal_tim_ex.o
    0x08001c14   0x08001c14   0x00000002   Code   RO         3018    i.HAL_TIMEx_CommutCallback  stm32f1xx_hal_tim_ex.o
    0x08001c16   0x08001c16   0x00000002   PAD
    0x08001c18   0x08001c18   0x00000068   Code   RO         3036    i.HAL_TIMEx_MasterConfigSynchronization  stm32f1xx_hal_tim_ex.o
    0x08001c80   0x08001c80   0x0000005a   Code   RO         2313    i.HAL_TIM_Base_Init  stm32f1xx_hal_tim.o
    0x08001cda   0x08001cda   0x00000002   PAD
    0x08001cdc   0x08001cdc   0x00000024   Code   RO          602    i.HAL_TIM_Base_MspInit  stm32f1xx_hal_msp.o
    0x08001d00   0x08001d00   0x00000058   Code   RO         2318    i.HAL_TIM_Base_Start_IT  stm32f1xx_hal_tim.o
    0x08001d58   0x08001d58   0x000000d6   Code   RO         2322    i.HAL_TIM_ConfigClockSource  stm32f1xx_hal_tim.o
    0x08001e2e   0x08001e2e   0x00000002   Code   RO         2347    i.HAL_TIM_IC_CaptureCallback  stm32f1xx_hal_tim.o
    0x08001e30   0x08001e30   0x00000166   Code   RO         2361    i.HAL_TIM_IRQHandler  stm32f1xx_hal_tim.o
    0x08001f96   0x08001f96   0x00000002   PAD
    0x08001f98   0x08001f98   0x0000005c   Code   RO          603    i.HAL_TIM_MspPostInit  stm32f1xx_hal_msp.o
    0x08001ff4   0x08001ff4   0x00000002   Code   RO         2364    i.HAL_TIM_OC_DelayElapsedCallback  stm32f1xx_hal_tim.o
    0x08001ff6   0x08001ff6   0x000000c6   Code   RO         2385    i.HAL_TIM_PWM_ConfigChannel  stm32f1xx_hal_tim.o
    0x080020bc   0x080020bc   0x0000005a   Code   RO         2388    i.HAL_TIM_PWM_Init  stm32f1xx_hal_tim.o
    0x08002116   0x08002116   0x00000002   Code   RO         2390    i.HAL_TIM_PWM_MspInit  stm32f1xx_hal_tim.o
    0x08002118   0x08002118   0x00000002   Code   RO         2391    i.HAL_TIM_PWM_PulseFinishedCallback  stm32f1xx_hal_tim.o
    0x0800211a   0x0800211a   0x00000002   PAD
    0x0800211c   0x0800211c   0x00000014   Code   RO          358    i.HAL_TIM_PeriodElapsedCallback  main.o
    0x08002130   0x08002130   0x00000002   Code   RO         2404    i.HAL_TIM_TriggerCallback  stm32f1xx_hal_tim.o
    0x08002132   0x08002132   0x00000002   Code   RO          529    i.HardFault_Handler  stm32f1xx_it.o
    0x08002134   0x08002134   0x00000044   Code   RO          359    i.LoRaTask          main.o
    0x08002178   0x08002178   0x00000056   Code   RO          220    i.LoRa_BurstWrite   lora.o
    0x080021ce   0x080021ce   0x00000066   Code   RO          222    i.LoRa_gotoMode     lora.o
    0x08002234   0x08002234   0x000000de   Code   RO          223    i.LoRa_init         lora.o
    0x08002312   0x08002312   0x0000001e   Code   RO          225    i.LoRa_read         lora.o
    0x08002330   0x08002330   0x00000058   Code   RO          226    i.LoRa_readReg      lora.o
    0x08002388   0x08002388   0x00000040   Code   RO          229    i.LoRa_setFrequency  lora.o
    0x080023c8   0x080023c8   0x0000003e   Code   RO          230    i.LoRa_setOCP       lora.o
    0x08002406   0x08002406   0x00000014   Code   RO          231    i.LoRa_setPower     lora.o
    0x0800241a   0x0800241a   0x0000003a   Code   RO          232    i.LoRa_setSpreadingFactor  lora.o
    0x08002454   0x08002454   0x00000020   Code   RO          233    i.LoRa_setTOMsb_setCRCon  lora.o
    0x08002474   0x08002474   0x00000084   Code   RO          235    i.LoRa_transmit     lora.o
    0x080024f8   0x080024f8   0x0000001e   Code   RO          236    i.LoRa_write        lora.o
    0x08002516   0x08002516   0x00000058   Code   RO          237    i.LoRa_writeReg     lora.o
    0x0800256e   0x0800256e   0x00000002   PAD
    0x08002570   0x08002570   0x00000078   Code   RO           16    i.MCU_Send_Start    dht11.o
    0x080025e8   0x080025e8   0x00000064   Code   RO          360    i.MX_ADC1_Init      main.o
    0x0800264c   0x0800264c   0x000000c4   Code   RO          361    i.MX_GPIO_Init      main.o
    0x08002710   0x08002710   0x00000044   Code   RO          362    i.MX_SPI2_Init      main.o
    0x08002754   0x08002754   0x00000098   Code   RO          363    i.MX_TIM2_Init      main.o
    0x080027ec   0x080027ec   0x00000002   Code   RO          530    i.MemManage_Handler  stm32f1xx_it.o
    0x080027ee   0x080027ee   0x00000002   Code   RO          531    i.NMI_Handler       stm32f1xx_it.o
    0x080027f0   0x080027f0   0x0000005c   Code   RO         2037    i.SPI_EndRxTransaction  stm32f1xx_hal_spi.o
    0x0800284c   0x0800284c   0x00000020   Code   RO         2038    i.SPI_EndRxTxTransaction  stm32f1xx_hal_spi.o
    0x0800286c   0x0800286c   0x000000b8   Code   RO         2043    i.SPI_WaitFlagStateUntilTimeout  stm32f1xx_hal_spi.o
    0x08002924   0x08002924   0x00000014   Code   RO           17    i.Set_Pin_Input     dht11.o
    0x08002938   0x08002938   0x00000018   Code   RO           18    i.Set_Pin_Output    dht11.o
    0x08002950   0x08002950   0x0000002c   Code   RO         4510    i.SysTick_Handler   port.o
    0x0800297c   0x0800297c   0x00000078   Code   RO          364    i.SystemClock_Config  main.o
    0x080029f4   0x080029f4   0x00000002   Code   RO         3285    i.SystemInit        system_stm32f1xx.o
    0x080029f6   0x080029f6   0x00000002   PAD
    0x080029f8   0x080029f8   0x0000000c   Code   RO          532    i.TIM4_IRQHandler   stm32f1xx_it.o
    0x08002a04   0x08002a04   0x0000006c   Code   RO         2406    i.TIM_Base_SetConfig  stm32f1xx_hal_tim.o
    0x08002a70   0x08002a70   0x00000014   Code   RO         2417    i.TIM_ETR_SetConfig  stm32f1xx_hal_tim.o
    0x08002a84   0x08002a84   0x00000010   Code   RO         2418    i.TIM_ITRx_SetConfig  stm32f1xx_hal_tim.o
    0x08002a94   0x08002a94   0x00000050   Code   RO         2419    i.TIM_OC1_SetConfig  stm32f1xx_hal_tim.o
    0x08002ae4   0x08002ae4   0x00000058   Code   RO         2420    i.TIM_OC2_SetConfig  stm32f1xx_hal_tim.o
    0x08002b3c   0x08002b3c   0x00000058   Code   RO         2421    i.TIM_OC3_SetConfig  stm32f1xx_hal_tim.o
    0x08002b94   0x08002b94   0x00000044   Code   RO         2422    i.TIM_OC4_SetConfig  stm32f1xx_hal_tim.o
    0x08002bd8   0x08002bd8   0x00000022   Code   RO         2424    i.TIM_TI1_ConfigInputStage  stm32f1xx_hal_tim.o
    0x08002bfa   0x08002bfa   0x00000024   Code   RO         2426    i.TIM_TI2_ConfigInputStage  stm32f1xx_hal_tim.o
    0x08002c1e   0x08002c1e   0x00000002   Code   RO          533    i.UsageFault_Handler  stm32f1xx_it.o
    0x08002c20   0x08002c20   0x00000020   Code   RO         1502    i.__NVIC_SetPriority  stm32f1xx_hal_cortex.o
    0x08002c40   0x08002c40   0x0000002c   Code   RO           19    i.delay             dht11.o
    0x08002c6c   0x08002c6c   0x00000114   Code   RO          365    i.main              main.o
    0x08002d80   0x08002d80   0x00000038   Code   RO          238    i.newLoRa           lora.o
    0x08002db8   0x08002db8   0x0000000e   Code   RO         4083    i.osDelay           cmsis_os.o
    0x08002dc6   0x08002dc6   0x0000000a   Code   RO         4086    i.osKernelStart     cmsis_os.o
    0x08002dd0   0x08002dd0   0x00000070   Code   RO         3778    i.prvAddCurrentTaskToDelayedList  tasks.o
    0x08002e40   0x08002e40   0x000000d0   Code   RO         3779    i.prvAddNewTaskToReadyList  tasks.o
    0x08002f10   0x08002f10   0x00000034   Code   RO         3780    i.prvDeleteTCB      tasks.o
    0x08002f44   0x08002f44   0x0000004c   Code   RO         4448    i.prvHeapInit       heap_4.o
    0x08002f90   0x08002f90   0x00000060   Code   RO         3781    i.prvIdleTask       tasks.o
    0x08002ff0   0x08002ff0   0x0000008e   Code   RO         3782    i.prvInitialiseNewTask  tasks.o
    0x0800307e   0x0800307e   0x00000002   PAD
    0x08003080   0x08003080   0x0000004c   Code   RO         4449    i.prvInsertBlockIntoFreeList  heap_4.o
    0x080030cc   0x080030cc   0x00000020   Code   RO         3783    i.prvResetNextTaskUnblockTime  tasks.o
    0x080030ec   0x080030ec   0x00000028   Code   RO         4511    i.prvTaskExitError  port.o
    0x08003114   0x08003114   0x00000014   Code   RO         3328    i.prvTestWaitCondition  event_groups.o
    0x08003128   0x08003128   0x000000d8   Code   RO         4450    i.pvPortMalloc      heap_4.o
    0x08003200   0x08003200   0x00000024   Code   RO         4512    i.pxPortInitialiseStack  port.o
    0x08003224   0x08003224   0x00000026   Code   RO         3423    i.uxListRemove      list.o
    0x0800324a   0x0800324a   0x00000002   PAD
    0x0800324c   0x0800324c   0x00000018   Code   RO         3790    i.uxTaskResetEventItemValue  tasks.o
    0x08003264   0x08003264   0x00000014   Code   RO          492    i.vApplicationGetIdleTaskMemory  freertos.o
    0x08003278   0x08003278   0x00000016   Code   RO         3424    i.vListInitialise   list.o
    0x0800328e   0x0800328e   0x00000006   Code   RO         3425    i.vListInitialiseItem  list.o
    0x08003294   0x08003294   0x00000030   Code   RO         3426    i.vListInsert       list.o
    0x080032c4   0x080032c4   0x00000018   Code   RO         3427    i.vListInsertEnd    list.o
    0x080032dc   0x080032dc   0x00000040   Code   RO         4514    i.vPortEnterCritical  port.o
    0x0800331c   0x0800331c   0x00000028   Code   RO         4515    i.vPortExitCritical  port.o
    0x08003344   0x08003344   0x0000005c   Code   RO         4451    i.vPortFree         heap_4.o
    0x080033a0   0x080033a0   0x00000024   Code   RO         4516    i.vPortSetupTimerInterrupt  port.o
    0x080033c4   0x080033c4   0x0000004c   Code   RO         3791    i.vTaskDelay        tasks.o
    0x08003410   0x08003410   0x00000050   Code   RO         3798    i.vTaskPlaceOnUnorderedEventList  tasks.o
    0x08003460   0x08003460   0x00000070   Code   RO         3801    i.vTaskRemoveFromUnorderedEventList  tasks.o
    0x080034d0   0x080034d0   0x0000006c   Code   RO         3804    i.vTaskStartScheduler  tasks.o
    0x0800353c   0x0800353c   0x00000010   Code   RO         3806    i.vTaskSuspendAll   tasks.o
    0x0800354c   0x0800354c   0x0000005c   Code   RO         3807    i.vTaskSwitchContext  tasks.o
    0x080035a8   0x080035a8   0x0000001c   Code   RO         3333    i.xEventGroupCreate  event_groups.o
    0x080035c4   0x080035c4   0x0000008c   Code   RO         3336    i.xEventGroupSetBits  event_groups.o
    0x08003650   0x08003650   0x00000108   Code   RO         3338    i.xEventGroupWaitBits  event_groups.o
    0x08003758   0x08003758   0x000000a8   Code   RO         4518    i.xPortStartScheduler  port.o
    0x08003800   0x08003800   0x0000005a   Code   RO         3809    i.xTaskCreate       tasks.o
    0x0800385a   0x0800385a   0x00000056   Code   RO         3810    i.xTaskCreateStatic  tasks.o
    0x080038b0   0x080038b0   0x0000001c   Code   RO         3814    i.xTaskGetSchedulerState  tasks.o
    0x080038cc   0x080038cc   0x000000c8   Code   RO         3817    i.xTaskIncrementTick  tasks.o
    0x08003994   0x08003994   0x000000c4   Code   RO         3823    i.xTaskResumeAll    tasks.o
    0x08003a58   0x08003a58   0x00000010   Data   RO         3286    .constdata          system_stm32f1xx.o
    0x08003a68   0x08003a68   0x00000008   Data   RO         3287    .constdata          system_stm32f1xx.o
    0x08003a70   0x08003a70   0x00000020   Data   RO         4769    Region$$Table       anon$$obj.o


    Execution Region RW_IRAM1 (Exec base: 0x20000000, Load base: 0x08003a90, Size: 0x000017c0, Max: 0x00005000, ABSOLUTE)

    Exec Addr    Load Addr    Size         Type   Attr      Idx    E Section Name        Object

    0x20000000   0x08003a90   0x00000024   Data   RW          368    .data               main.o
    0x20000024   0x08003ab4   0x0000000c   Data   RW         1039    .data               stm32f1xx_hal.o
    0x20000030   0x08003ac0   0x00000004   Data   RW         3288    .data               system_stm32f1xx.o
    0x20000034   0x08003ac4   0x0000003c   Data   RW         3826    .data               tasks.o
    0x20000070   0x08003b00   0x00000018   Data   RW         4456    .data               heap_4.o
    0x20000088   0x08003b18   0x0000000c   Data   RW         4519    .data               port.o
    0x20000094        -       0x000000fc   Zero   RW          366    .bss                main.o
    0x20000190        -       0x00000044   Zero   RW          367    .bss                main.o
    0x200001d4        -       0x00000254   Zero   RW          493    .bss                freertos.o
    0x20000428        -       0x00000048   Zero   RW          666    .bss                stm32f1xx_hal_timebase_tim.o
    0x20000470        -       0x000000f0   Zero   RW         3825    .bss                tasks.o
    0x20000560        -       0x00000c00   Zero   RW         4455    .bss                heap_4.o
    0x20001160        -       0x00000060   Zero   RW         4643    .bss                c_w.l(libspace.o)
    0x200011c0        -       0x00000200   Zero   RW            2    HEAP                startup_stm32f103xb.o
    0x200013c0        -       0x00000400   Zero   RW            1    STACK               startup_stm32f103xb.o


==============================================================================

Image component sizes


      Code (inc. data)   RO Data    RW Data    ZI Data      Debug   Object Name

        24          0          0          0          0      20836   cmsis_os.o
       426         34          0          0          0     442997   dht11.o
       452          4          0          0          0      24055   event_groups.o
        20          4          0          0        596       1160   freertos.o
       460         24          0         24       3072       7059   heap_4.o
       138          0          0          0          0       3246   list.o
      1070          0          0          0          0      11219   lora.o
      1192        126          0         36        320      36251   main.o
       578         60          0         12          0      10060   port.o
        64         26        236          0       1536        784   startup_stm32f103xb.o
       100         18          0         12          0       5066   stm32f1xx_hal.o
      1134         56          0          0          0       8226   stm32f1xx_hal_adc.o
       158         14          0          0          0      28058   stm32f1xx_hal_cortex.o
       586         32          0          0          0       3467   stm32f1xx_hal_dma.o
       500         34          0          0          0       3415   stm32f1xx_hal_gpio.o
       456         62          0          0          0       3439   stm32f1xx_hal_msp.o
      1316        104          0          0          0       5530   stm32f1xx_hal_rcc.o
       236         12          0          0          0       1332   stm32f1xx_hal_rcc_ex.o
      1678          4          0          0          0       8477   stm32f1xx_hal_spi.o
      1586         46          0          0          0      13930   stm32f1xx_hal_tim.o
       108         12          0          0          0       2273   stm32f1xx_hal_tim_ex.o
       152         20          0          0         72       1403   stm32f1xx_hal_timebase_tim.o
        36         12          0          0          0       3270   stm32f1xx_it.o
         0          0          0          0          0        392   stream_buffer.o
         2          0         24          4          0       1043   system_stm32f1xx.o
      1750        132          0         60        240      18672   tasks.o

    ----------------------------------------------------------------------
     14244        836        292        148       5836     665660   Object Totals
         0          0         32          0          0          0   (incl. Generated)
        22          0          0          0          0          0   (incl. Padding)

    ----------------------------------------------------------------------

      Code (inc. data)   RO Data    RW Data    ZI Data      Debug   Library Member Name

         8          0          0          0          0         68   __main.o
         0          0          0          0          0          0   __rtentry.o
        12          0          0          0          0          0   __rtentry2.o
         6          0          0          0          0          0   __rtentry4.o
        52          8          0          0          0          0   __scatter.o
        26          0          0          0          0          0   __scatter_copy.o
        28          0          0          0          0          0   __scatter_zi.o
        18          0          0          0          0         80   exit.o
         6          0          0          0          0        152   heapauxi.o
         0          0          0          0          0          0   indicate_semi.o
         2          0          0          0          0          0   libinit.o
         2          0          0          0          0          0   libinit2.o
         2          0          0          0          0          0   libshutdown.o
         2          0          0          0          0          0   libshutdown2.o
         8          4          0          0         96         68   libspace.o
        78          0          0          0          0         80   rt_memclr_w.o
       100          0          0          0          0         80   rt_memcpy_w.o
         2          0          0          0          0          0   rtexit.o
        10          0          0          0          0          0   rtexit2.o
        12          4          0          0          0         68   sys_exit.o
        74          0          0          0          0         80   sys_stackheap_outer.o
         2          0          0          0          0         68   use_no_semi.o

    ----------------------------------------------------------------------
       456         16          0          0         96        744   Library Totals
         6          0          0          0          0          0   (incl. Padding)

    ----------------------------------------------------------------------

      Code (inc. data)   RO Data    RW Data    ZI Data      Debug   Library Name

       450         16          0          0         96        744   c_w.l

    ----------------------------------------------------------------------
       456         16          0          0         96        744   Library Totals

    ----------------------------------------------------------------------

==============================================================================


      Code (inc. data)   RO Data    RW Data    ZI Data      Debug   

     14700        852        292        148       5932     658496   Grand Totals
     14700        852        292        148       5932     658496   ELF Image Totals
     14700        852        292        148          0          0   ROM Totals

==============================================================================

    Total RO  Size (Code + RO Data)                14992 (  14.64kB)
    Total RW  Size (RW Data + ZI Data)              6080 (   5.94kB)
    Total ROM Size (Code + RO Data + RW Data)      15140 (  14.79kB)

==============================================================================

